HI-TECH Software C Compiler 

Linker command line:

--edf=C:\Program Files (x86)\HI-TECH Software\PICC\9.82\dat\en_msgs.txt -cs \
  -h+PIC16F877A_CAR.sym -z -Q16F877A -ol.obj -MPIC16F877A_CAR.map -E1 \
  -ACONST=00h-0FFhx32 -ACODE=00h-07FFhx4 -ASTRCODE=00h-01FFFh \
  -AENTRY=00h-0FFhx32 -ASTRING=00h-0FFhx32 -ABANK0=020h-06Fh \
  -ABANK1=0A0h-0EFh -ABANK2=0110h-016Fh -ABANK3=0190h-01EFh \
  -ARAM=020h-06Fh,0A0h-0EFh,0110h-016Fh,0190h-01EFh \
  -AABS1=020h-07Fh,0A0h-0EFh,0110h-016Fh,0190h-01EFh -ACOMMON=070h-07Fh \
  -ASFR0=00h-01Fh -ASFR1=080h-09Fh -ASFR2=0100h-010Fh -ASFR3=0180h-018Fh \
  -preset_vec=00h,intentry=04h,init,end_init -ppowerup=CODE -pfunctab=CODE \
  -ACONFIG=02007h-02007h -pconfig=CONFIG -DCONFIG=2 -AIDLOC=02000h-02003h \
  -pidloc=IDLOC -DIDLOC=2 -AEEDATA=00h-0FFh/02100h -peeprom_data=EEDATA \
  -DEEDATA=2 -DCODE=2 -DSTRCODE=2 -DSTRING=2 -DCONST=2 -DENTRY=2 -k \
  startup.obj PIC16F877A_CAR.obj 

Object code version is 3.10

Machine type is 16F877A



                Name                               Link     Load   Length Selector   Space Scale
startup.obj     end_init                             12       12        3        8       0
                reset_vec                             0        0        3        0       0
PIC16F877A_CAR.obj
                intentry                              4        4        E        8       0
                config                             2007     2007        1     400E       0
                text927                             F04      F04       7B     1E08       0
                text926                             64B      64B       A6        8       0
                text925                             4D5      4D5       C8        8       0
                text924                             318      318       EE        8       0
                text923                             B0C      B0C       2C     1618       0
                text922                             406      406       CF        8       0
                text921                             AB0      AB0       1C     1560       0
                text920                             A35      A35        7     146A       0
                text919                             A97      A97       19     152E       0
                text918                             ACC      ACC       1C     1598       0
                text917                             A2F      A2F        6     145E       0
                text916                             7E7      7E7       19        8       0
                text915                             B64      B64       2F     16C8       0
                text914                             F7F      F7F       81     1EFE       0
                text913                             B38      B38       2C     1670       0
                text912                             D8D      D8D       50     1B1A       0
                text911                             CB7      CB7       46     196E       0
                text910                             E8E      E8E       76     1D1C       0
                text909                             218      218      100        8       0
                text908                             A44      A44        E     1488       0
                text907                             A52      A52        E     14A4       0
                text906                             A60      A60       10     14C0       0
                text905                             E35      E35       59     1C6A       0
                text904                             B93      B93       35     1726       0
                text903                             BC8      BC8       35     1790       0
                text902                             C37      C37       40     186E       0
                text901                             78D      78D       5A        8       0
                text900                             CFD      CFD       48     19FA       0
                text899                             D45      D45       48     1A8A       0
                text898                             BFD      BFD       3A     17FA       0
                text897                             A70      A70       12     14E0       0
                text896                             6F1      6F1       9C        8       0
                text895                              15       15      203        8       0
                text894                             AE8      AE8       24     15D0       0
                text893                             DDD      DDD       58     1BBA       0
                text892                             59D      59D       AE        8       0
                maintext                            C77      C77       40     18EE       0
                cstackBANK0                          20       20       3B       20       1
                cstackCOMMON                         70       70        E       70       1
                cstackBANK1                          A0       A0       2B       A0       1
                clrtext                             A3C      A3C        8     1478       0
                bssBANK1                             CB       CB       10       A0       1
                bssBANK0                             5B       5B        F       20       1
                cinit                               A82      A82       15     1504       0
                strings                             800      800       22     1000       0

TOTAL           Name                               Link     Load   Length     Space
        CLASS   CONST          

        CLASS   CODE           
                end_init                             12       12        3         0
                intentry                              4        4        E         0
                reset_vec                             0        0        3         0
                text927                             F04      F04       7B         0
                text926                             64B      64B       A6         0
                text925                             4D5      4D5       C8         0
                text924                             318      318       EE         0
                text923                             B0C      B0C       2C         0
                text922                             406      406       CF         0
                text921                             AB0      AB0       1C         0
                text920                             A35      A35        7         0
                text919                             A97      A97       19         0
                text918                             ACC      ACC       1C         0
                text917                             A2F      A2F        6         0
                text916                             7E7      7E7       19         0
                text915                             B64      B64       2F         0
                text914                             F7F      F7F       81         0
                text913                             B38      B38       2C         0
                text912                             D8D      D8D       50         0
                text911                             CB7      CB7       46         0
                text910                             E8E      E8E       76         0
                text909                             218      218      100         0
                text908                             A44      A44        E         0
                text907                             A52      A52        E         0
                text906                             A60      A60       10         0
                text905                             E35      E35       59         0
                text904                             B93      B93       35         0
                text903                             BC8      BC8       35         0
                text902                             C37      C37       40         0
                text901                             78D      78D       5A         0
                text900                             CFD      CFD       48         0
                text899                             D45      D45       48         0
                text898                             BFD      BFD       3A         0
                text897                             A70      A70       12         0
                text896                             6F1      6F1       9C         0
                text895                              15       15      203         0
                text894                             AE8      AE8       24         0
                text893                             DDD      DDD       58         0
                text892                             59D      59D       AE         0
                maintext                            C77      C77       40         0
                clrtext                             A3C      A3C        8         0
                cinit                               A82      A82       15         0

        CLASS   STRCODE        

        CLASS   ENTRY          

        CLASS   STRING         
                strings                             800      800       22         0

        CLASS   BANK0          
                cstackBANK0                          20       20       3B         1
                bssBANK0                             5B       5B        F         1

        CLASS   BANK1          
                cstackBANK1                          A0       A0       2B         1
                bssBANK1                             CB       CB       10         1

        CLASS   BANK2          

        CLASS   BANK3          

        CLASS   RAM            

        CLASS   ABS1           
                abs_s1                               7E       7E        2         1

        CLASS   COMMON         
                cstackCOMMON                         70       70        E         1

        CLASS   SFR0           

        CLASS   SFR1           

        CLASS   SFR2           

        CLASS   SFR3           

        CLASS   CONFIG         
                config                             2007     2007        1         0

        CLASS   IDLOC          

        CLASS   EEDATA         



SEGMENTS        Name                           Load    Length   Top    Selector   Space  Class     Delta

                reset_vec                      000000  000003  000003         0       0  CODE        2
                intentry                       000004  0007FC  000800         8       0  CODE        2
                cstackBANK0                    000020  00004A  00006A        20       1  BANK0       1
                cstackCOMMON                   000070  00000E  00007E        70       1  COMMON      1
                cstackBANK1                    0000A0  00003B  0000DB        A0       1  BANK1       1
                strings                        000800  000022  000822      1000       0  STRING      2
                text917                        000A2F  000006  000A35      145E       0  CODE        2
                text920                        000A35  000007  000A3C      146A       0  CODE        2
                clrtext                        000A3C  000008  000A44      1478       0  CODE        2
                text908                        000A44  00000E  000A52      1488       0  CODE        2
                text907                        000A52  00000E  000A60      14A4       0  CODE        2
                text906                        000A60  000010  000A70      14C0       0  CODE        2
                text897                        000A70  000012  000A82      14E0       0  CODE        2
                cinit                          000A82  000015  000A97      1504       0  CODE        2
                text919                        000A97  000019  000AB0      152E       0  CODE        2
                text921                        000AB0  00001C  000ACC      1560       0  CODE        2
                text918                        000ACC  00001C  000AE8      1598       0  CODE        2
                text894                        000AE8  000024  000B0C      15D0       0  CODE        2
                text923                        000B0C  00002C  000B38      1618       0  CODE        2
                text913                        000B38  00002C  000B64      1670       0  CODE        2
                text915                        000B64  00002F  000B93      16C8       0  CODE        2
                text904                        000B93  000035  000BC8      1726       0  CODE        2
                text903                        000BC8  000035  000BFD      1790       0  CODE        2
                text898                        000BFD  00003A  000C37      17FA       0  CODE        2
                text902                        000C37  000040  000C77      186E       0  CODE        2
                maintext                       000C77  000040  000CB7      18EE       0  CODE        2
                text911                        000CB7  000046  000CFD      196E       0  CODE        2
                text900                        000CFD  000048  000D45      19FA       0  CODE        2
                text899                        000D45  000048  000D8D      1A8A       0  CODE        2
                text912                        000D8D  000050  000DDD      1B1A       0  CODE        2
                text893                        000DDD  000058  000E35      1BBA       0  CODE        2
                text905                        000E35  000059  000E8E      1C6A       0  CODE        2
                text910                        000E8E  000076  000F04      1D1C       0  CODE        2
                text927                        000F04  00007B  000F7F      1E08       0  CODE        2
                text914                        000F7F  000081  001000      1EFE       0  CODE        2
                config                         002007  000001  002008      400E       0  CONFIG      2


UNUSED ADDRESS RANGES

        Name                Unused          Largest block    Delta
        BANK0            006A-006F              6           1
        BANK1            00DB-00EF             15           1
        BANK2            0110-016F             60           1
        BANK3            0190-01EF             60           1
        CODE             0003-0003              1           2
                         0822-0A2E            20D
                         1000-1FFF            800
        CONST            0003-0003              1           2
                         0822-0A2E            100
                         1000-1FFF            100
        EEDATA           2100-21FF            100           2
        ENTRY            0003-0003              1           2
                         0822-0A2E            100
                         1000-1FFF            100
        IDLOC            2000-2003              4           2
        RAM              006A-006F              6           1
                         00DB-00EF             15
                         0110-016F             60
                         0190-01EF             60
        SFR0             0000-001F             20           1
        SFR1             0080-009F             20           1
        SFR2             0100-010F             10           1
        SFR3             0180-018F             10           1
        STRCODE          0003-0003              1           2
                         0822-0A2E            20D
                         1000-1FFF           1000
        STRING           0003-0003              1           2
                         0822-0A2E            100
                         1000-1FFF            100

                                  Symbol Table

??_Beep_Init                  cstackBANK1  00A0
??_DELAY                      cstackBANK1  00A0
??_Deal_Yaw                   cstackBANK1  00B9
??_Delay_ms                   cstackBANK1  00A2
??_ENABLE                     cstackBANK1  00A2
??_ENABLE1                    cstackBANK1  00A2
??_GanWei_Init                cstackBANK1  00A0
??_HD_Read                    cstackBANK1  00A0
??_JY62_ReceiveData           cstackBANK0  004E
??_JY62_ShowData              cstackBANK1  00BF
??_LCD_Init                   cstackBANK1  00A2
??_LCD_ShowString             cstackBANK1  00A6
??_Motor_Init                 cstackBANK1  00A0
??_Motor_SetLeftSpeed         cstackBANK1  00B1
??_Motor_SetRightSpeed        cstackBANK1  00B1
??_Motor_Status               cstackBANK1  00B4
??_PWM1_SetDutyCycle          cstackBANK1  00AF
??_PWM2_SetDutyCycle          cstackBANK1  00AF
??_PWM_Init                   cstackBANK1  00A0
??_Track_ONE                  cstackBANK1  00BB
??_Track_Run                  cstackBANK1  00B5
??_Track_THREE                cstackBANK1  00BB
??_Track_TWO                  cstackBANK1  00BB
??_Uart_Init                  cstackBANK1  00A0
??___awdiv                    cstackBANK1  00AA
??___awtoft                   cstackCOMMON 007C
??___ftdiv                    cstackBANK0  0044
??___ftmul                    cstackBANK0  0034
??___ftpack                   cstackCOMMON 0075
??___fttol                    cstackBANK0  0020
??___lwdiv                    cstackBANK1  00A4
??___lwmod                    cstackBANK1  00AC
??___wmul                     cstackBANK1  00A4
??_main                       cstackBANK1  00CB
??_point_status               cstackBANK1  00A6
??_sprintf                    cstackBANK1  00B1
??_uart_service               cstackBANK0  0055
?_Beep_Init                   cstackCOMMON 0070
?_DELAY                       cstackCOMMON 0070
?_Deal_Yaw                    cstackBANK1  00B5
?_Delay_ms                    cstackBANK1  00A0
?_ENABLE                      cstackCOMMON 0070
?_ENABLE1                     cstackCOMMON 0070
?_GanWei_Init                 cstackCOMMON 0070
?_HD_Read                     cstackCOMMON 0070
?_JY62_ReceiveData            cstackCOMMON 0070
?_JY62_ShowData               cstackBANK1  00BD
?_LCD_Init                    cstackCOMMON 0070
?_LCD_ShowString              cstackBANK1  00A2
?_Motor_Init                  cstackCOMMON 0070
?_Motor_SetLeftSpeed          cstackCOMMON 0070
?_Motor_SetRightSpeed         cstackCOMMON 0070
?_Motor_Status                cstackBANK1  00B3
?_PWM1_SetDutyCycle           cstackCOMMON 0070
?_PWM2_SetDutyCycle           cstackCOMMON 0070
?_PWM_Init                    cstackCOMMON 0070
?_Track_ONE                   cstackCOMMON 0070
?_Track_Run                   cstackCOMMON 0070
?_Track_THREE                 cstackCOMMON 0070
?_Track_TWO                   cstackCOMMON 0070
?_Uart_Init                   cstackCOMMON 0070
?___awdiv                     cstackBANK1  00A6
?___awtoft                    cstackBANK0  002A
?___ftdiv                     cstackBANK0  003E
?___ftmul                     cstackBANK0  002E
?___ftpack                    cstackCOMMON 0070
?___fttol                     cstackCOMMON 0078
?___lwdiv                     cstackBANK1  00A0
?___lwmod                     cstackBANK1  00A8
?___wmul                      cstackBANK1  00A0
?_main                        cstackCOMMON 0070
?_point_status                cstackCOMMON 0070
?_sprintf                     cstackBANK1  00AE
?_uart_service                cstackCOMMON 0070
DELAY@i                       cstackBANK1  00A0
Deal_Yaw@aim_angel            cstackBANK1  00B7
Deal_Yaw@yaw                  cstackBANK1  00B5
Delay_ms@delayMs              cstackBANK1  00A0
Delay_ms@i                    cstackBANK1  00A3
Delay_ms@j                    cstackBANK1  00A5
JY62_ReceiveData@RxData       cstackBANK0  0054
JY62_ReceiveData@i            cstackBANK0  0053
JY62_ReceiveData@sum          cstackBANK0  0052
JY62_ShowData@str             cstackBANK1  00C0
JY62_ShowData@yaw             cstackBANK1  00BD
LCD_ShowString@address        cstackBANK1  00A7
LCD_ShowString@col            cstackBANK1  00A5
LCD_ShowString@row            cstackBANK1  00A4
LCD_ShowString@str            cstackBANK1  00A2
Motor_SetLeftSpeed@speed      cstackBANK1  00B2
Motor_SetRightSpeed@speed     cstackBANK1  00B2
Motor_Status@speedL           cstackBANK1  00B4
Motor_Status@speedR           cstackBANK1  00B3
PWM1_SetDutyCycle@dutyCycle   cstackBANK1  00B0
PWM2_SetDutyCycle@dutyCycle   cstackBANK1  00B0
_ADCON1                       (abs)        009F
_BL_Flag                      bssBANK0     0066
_BL_Flag_Num                  bssBANK0     0067
_Beep_Init                    text920      0A35
_CARRY                        (abs)        0018
_CCP1CON                      (abs)        0017
_CCP2CON                      (abs)        001D
_CCPR1L                       (abs)        0015
_CCPR2L                       (abs)        001B
_CREN                         (abs)        00C4
_DELAY                        text918      0ACC
_Deal_Yaw                     text896      06F1
_Delay_ms                     text915      0B64
_EEADR                        (abs)        010D
_EECON1                       (abs)        018C
_EECON2                       (abs)        018D
_EEDATA                       (abs)        010C
_ENABLE                       text908      0A44
_ENABLE1                      text907      0A52
_GIE                          (abs)        005F
_GanWei_Init                  text917      0A2F
_HD                           bssBANK1     00CB
_HD_Read                      text914      0F7F
_JY62_ReceiveData             text922      0406
_JY62_ShowData                text898      0BFD
_LCD_Init                     text902      0C37
_LCD_ShowString               text901      078D
_Motor_Init                   text906      0A60
_Motor_SetLeftSpeed           text899      0D45
_Motor_SetRightSpeed          text900      0CFD
_Motor_Status                 text897      0A70
_PEIE                         (abs)        005E
_PORTB                        (abs)        0006
_PORTD                        (abs)        0008
_PR2                          (abs)        0092
_PWM1_SetDutyCycle            text904      0B93
_PWM2_SetDutyCycle            text903      0BC8
_PWM_Init                     text916      07E7
_RA3                          (abs)        002B
_RA4                          (abs)        002C
_RA5                          (abs)        002D
_RB0                          (abs)        0030
_RB1                          (abs)        0031
_RB2                          (abs)        0032
_RB3                          (abs)        0033
_RB4                          (abs)        0034
_RB5                          (abs)        0035
_RB6                          (abs)        0036
_RB7                          (abs)        0037
_RC0                          (abs)        0038
_RC1                          (abs)        0039
_RC2                          (abs)        003A
_RC3                          (abs)        003B
_RC4                          (abs)        003C
_RC5                          (abs)        003D
_RCIE                         (abs)        0465
_RCIF                         (abs)        0065
_RCREG                        (abs)        001A
_RCSTA                        (abs)        0018
_RD                           (abs)        0C60
_RE0                          (abs)        0048
_RxBuffer                     bssBANK0     005B
_RxIndex                      bssBANK0     0068
_RxState                      bssBANK0     0069
_SPBRG                        (abs)        0099
_SPEN                         (abs)        00C7
_SYNC                         (abs)        04C4
_T2CON                        (abs)        0012
_TRISA                        (abs)        0085
_TRISB                        (abs)        0086
_TRISC                        (abs)        0087
_TRISC1                       (abs)        0439
_TRISC2                       (abs)        043A
_TRISD                        (abs)        0088
_TRISE                        (abs)        0089
_TXSTA                        (abs)        0098
_Track_ONE                    text894      0AE8
_Track_Run                    text895      0015
_Track_THREE                  text892      059D
_Track_TWO                    text893      0DDD
_Uart_Init                    text919      0A97
_WR                           (abs)        0C61
_WREN                         (abs)        0C62
_Yaw                          bssBANK1     00D3
__Habs1                       abs1         0000
__Hbank0                      bank0        0000
__Hbank1                      bank1        0000
__Hbank2                      bank2        0000
__Hbank3                      bank3        0000
__HbssBANK0                   bssBANK0     0000
__HbssBANK1                   bssBANK1     0000
__Hcinit                      cinit        0000
__Hclrtext                    clrtext      0000
__Hcode                       code         0000
__Hcommon                     common       0000
__Hconfig                     config       2008
__HcstackBANK0                cstackBANK0  0000
__HcstackBANK1                cstackBANK1  0000
__HcstackCOMMON               cstackCOMMON 0000
__Heeprom_data                eeprom_data  0000
__Hend_init                   end_init     0015
__Hfunctab                    functab      0000
__Hidloc                      idloc        0000
__Hinit                       init         0012
__Hintentry                   intentry     0012
__Hmaintext                   maintext     0000
__Hpowerup                    powerup      0000
__Hram                        ram          0000
__Hreset_vec                  reset_vec    0003
__Hsfr0                       sfr0         0000
__Hsfr1                       sfr1         0000
__Hsfr2                       sfr2         0000
__Hsfr3                       sfr3         0000
__Hstrings                    strings      0000
__Htext                       text         0000
__Labs1                       abs1         0000
__Lbank0                      bank0        0000
__Lbank1                      bank1        0000
__Lbank2                      bank2        0000
__Lbank3                      bank3        0000
__LbssBANK0                   bssBANK0     0000
__LbssBANK1                   bssBANK1     0000
__Lcinit                      cinit        0000
__Lclrtext                    clrtext      0000
__Lcode                       code         0000
__Lcommon                     common       0000
__Lconfig                     config       2007
__LcstackBANK0                cstackBANK0  0000
__LcstackBANK1                cstackBANK1  0000
__LcstackCOMMON               cstackCOMMON 0000
__Leeprom_data                eeprom_data  0000
__Lend_init                   end_init     0012
__Lfunctab                    functab      0000
__Lidloc                      idloc        0000
__Linit                       init         0012
__Lintentry                   intentry     0004
__Lmaintext                   maintext     0000
__Lpowerup                    powerup      0000
__Lram                        ram          0000
__Lreset_vec                  reset_vec    0000
__Lsfr0                       sfr0         0000
__Lsfr1                       sfr1         0000
__Lsfr2                       sfr2         0000
__Lsfr3                       sfr3         0000
__Lstrings                    strings      0000
__Ltext                       text         0000
__S0                          (abs)        2008
__S1                          (abs)        00DB
__S2                          (abs)        0000
___awdiv                      text910      0E8E
___awdiv@counter              cstackBANK1  00AB
___awdiv@dividend             cstackBANK1  00A8
___awdiv@divisor              cstackBANK1  00A6
___awdiv@quotient             cstackBANK1  00AD
___awdiv@sign                 cstackBANK1  00AC
___awtoft                     text923      0B0C
___awtoft@c                   cstackBANK0  002A
___awtoft@sign                cstackBANK0  002D
___ftdiv                      text925      04D5
___ftdiv@cntr                 cstackBANK0  0048
___ftdiv@exp                  cstackBANK0  004C
___ftdiv@f1                   cstackBANK0  0041
___ftdiv@f2                   cstackBANK0  003E
___ftdiv@f3                   cstackBANK0  0049
___ftdiv@sign                 cstackBANK0  004D
___ftmul                      text924      0318
___ftmul@cntr                 cstackBANK0  003C
___ftmul@exp                  cstackBANK0  0038
___ftmul@f1                   cstackBANK0  002E
___ftmul@f2                   cstackBANK0  0031
___ftmul@f3_as_product        cstackBANK0  0039
___ftmul@sign                 cstackBANK0  003D
___ftpack                     text927      0F04
___ftpack@arg                 cstackCOMMON 0070
___ftpack@exp                 cstackCOMMON 0073
___ftpack@sign                cstackCOMMON 0074
___fttol                      text926      064B
___fttol@exp1                 cstackBANK0  0029
___fttol@f1                   cstackCOMMON 0078
___fttol@lval                 cstackBANK0  0025
___fttol@sign1                cstackBANK0  0024
___lwdiv                      text912      0D8D
___lwdiv@counter              cstackBANK1  00A7
___lwdiv@dividend             cstackBANK1  00A2
___lwdiv@divisor              cstackBANK1  00A0
___lwdiv@quotient             cstackBANK1  00A5
___lwmod                      text911      0CB7
___lwmod@counter              cstackBANK1  00AD
___lwmod@dividend             cstackBANK1  00AA
___lwmod@divisor              cstackBANK1  00A8
___wmul                       text913      0B38
___wmul@multiplicand          cstackBANK1  00A2
___wmul@multiplier            cstackBANK1  00A0
___wmul@product               cstackBANK1  00A4
__end_of_Beep_Init            text920      0A3C
__end_of_DELAY                text918      0AE8
__end_of_Deal_Yaw             text896      078D
__end_of_Delay_ms             text915      0B93
__end_of_ENABLE               text908      0A52
__end_of_ENABLE1              text907      0A60
__end_of_GanWei_Init          text917      0A35
__end_of_HD_Read              text914      1000
__end_of_JY62_ReceiveData     text922      04D5
__end_of_JY62_ShowData        text898      0C37
__end_of_LCD_Init             text902      0C77
__end_of_LCD_ShowString       text901      07E7
__end_of_Motor_Init           text906      0A70
__end_of_Motor_SetLeftSpeed   text899      0D8D
__end_of_Motor_SetRightSpeed  text900      0D45
__end_of_Motor_Status         text897      0A82
__end_of_PWM1_SetDutyCycle    text904      0BC8
__end_of_PWM2_SetDutyCycle    text903      0BFD
__end_of_PWM_Init             text916      0800
__end_of_Track_ONE            text894      0B0C
__end_of_Track_Run            text895      0218
__end_of_Track_THREE          text892      064B
__end_of_Track_TWO            text893      0E35
__end_of_Uart_Init            text919      0AB0
__end_of___awdiv              text910      0F04
__end_of___awtoft             text923      0B38
__end_of___ftdiv              text925      059D
__end_of___ftmul              text924      0406
__end_of___ftpack             text927      0F7F
__end_of___fttol              text926      06F1
__end_of___lwdiv              text912      0DDD
__end_of___lwmod              text911      0CFD
__end_of___wmul               text913      0B64
__end_of_main                 maintext     0CB7
__end_of_point_status         text905      0E8E
__end_of_sprintf              text909      0318
__end_of_uart_service         text921      0ACC
__pbssBANK0                   bssBANK0     005B
__pbssBANK1                   bssBANK1     00CB
__pcstackBANK0                cstackBANK0  0020
__pcstackBANK1                cstackBANK1  00A0
__pcstackCOMMON               cstackCOMMON 0070
__pintentry                   intentry     0004
__pmaintext                   maintext     0C77
__pstrings                    strings      0800
__ptext892                    text892      059D
__ptext893                    text893      0DDD
__ptext894                    text894      0AE8
__ptext895                    text895      0015
__ptext896                    text896      06F1
__ptext897                    text897      0A70
__ptext898                    text898      0BFD
__ptext899                    text899      0D45
__ptext900                    text900      0CFD
__ptext901                    text901      078D
__ptext902                    text902      0C37
__ptext903                    text903      0BC8
__ptext904                    text904      0B93
__ptext905                    text905      0E35
__ptext906                    text906      0A60
__ptext907                    text907      0A52
__ptext908                    text908      0A44
__ptext909                    text909      0218
__ptext910                    text910      0E8E
__ptext911                    text911      0CB7
__ptext912                    text912      0D8D
__ptext913                    text913      0B38
__ptext914                    text914      0F7F
__ptext915                    text915      0B64
__ptext916                    text916      07E7
__ptext917                    text917      0A2F
__ptext918                    text918      0ACC
__ptext919                    text919      0A97
__ptext920                    text920      0A35
__ptext921                    text921      0AB0
__ptext922                    text922      0406
__ptext923                    text923      0B0C
__ptext924                    text924      0318
__ptext925                    text925      04D5
__ptext926                    text926      064B
__ptext927                    text927      0F04
__ptext928                    text928      0000
__size_of_Beep_Init           (abs)        0000
__size_of_DELAY               (abs)        0000
__size_of_Deal_Yaw            (abs)        0000
__size_of_Delay_ms            (abs)        0000
__size_of_ENABLE              (abs)        0000
__size_of_ENABLE1             (abs)        0000
__size_of_GanWei_Init         (abs)        0000
__size_of_HD_Read             (abs)        0000
__size_of_JY62_ReceiveData    (abs)        0000
__size_of_JY62_ShowData       (abs)        0000
__size_of_LCD_Init            (abs)        0000
__size_of_LCD_ShowString      (abs)        0000
__size_of_Motor_Init          (abs)        0000
__size_of_Motor_SetLeftSpeed  (abs)        0000
__size_of_Motor_SetRightSpeed (abs)        0000
__size_of_Motor_Status        (abs)        0000
__size_of_PWM1_SetDutyCycle   (abs)        0000
__size_of_PWM2_SetDutyCycle   (abs)        0000
__size_of_PWM_Init            (abs)        0000
__size_of_Track_ONE           (abs)        0000
__size_of_Track_Run           (abs)        0000
__size_of_Track_THREE         (abs)        0000
__size_of_Track_TWO           (abs)        0000
__size_of_Uart_Init           (abs)        0000
__size_of___awdiv             (abs)        0000
__size_of___awtoft            (abs)        0000
__size_of___ftdiv             (abs)        0000
__size_of___ftmul             (abs)        0000
__size_of___ftpack            (abs)        0000
__size_of___fttol             (abs)        0000
__size_of___lwdiv             (abs)        0000
__size_of___lwmod             (abs)        0000
__size_of___wmul              (abs)        0000
__size_of_main                (abs)        0000
__size_of_point_status        (abs)        0000
__size_of_sprintf             (abs)        0000
__size_of_uart_service        (abs)        0000
_dpowers                      strings      0810
_exit                         init         0012
_flag                         bssBANK1     00D9
_last_flag                    bssBANK1     00D5
_main                         maintext     0C77
_nRBPU                        (abs)        040F
_offset                       bssBANK1     00D7
_point_status                 text905      0E35
_runflag                      bssBANK1     00DA
_sprintf                      text909      0218
_uart_service                 text921      0AB0
btemp                         (abs)        007E
clear_ram                     clrtext      0A3C
end_of_initialization         cinit        0A93
interrupt_function            intentry     0004
intlevel0                     functab      0000
intlevel1                     functab      0000
intlevel2                     functab      0000
intlevel3                     functab      0000
intlevel4                     functab      0000
intlevel5                     functab      0000
reset_vec                     reset_vec    0000
saved_w                       (abs)        007E
sprintf@_val                  cstackBANK1  00B7
sprintf@ap                    cstackBANK1  00B4
sprintf@c                     cstackBANK1  00BC
sprintf@f                     cstackBANK1  00AE
sprintf@flag                  cstackBANK1  00B5
sprintf@prec                  cstackBANK1  00B6
sprintf@sp                    cstackBANK1  00BB
start                         init         0012
start_initialization          cinit        0A82
uart_service@RxData           cstackBANK0  005A
wtemp0                        (abs)        007E
