HI-TECH Software C Compiler 

Linker command line:

--edf=C:\Program Files (x86)\HI-TECH Software\PICC\9.82\dat\en_msgs.txt -cs \
  -h+shy_3.sym -z -Q16F877A -ol.obj -Mshy_3.map -E1 -ACONST=00h-0FFhx32 \
  -ACODE=00h-07FFhx4 -ASTRCODE=00h-01FFFh -AENTRY=00h-0FFhx32 \
  -ASTRING=00h-0FFhx32 -ABANK0=020h-06Fh -ABANK1=0A0h-0EFh \
  -ABANK2=0110h-016Fh -ABANK3=0190h-01EFh \
  -ARAM=020h-06Fh,0A0h-0EFh,0110h-016Fh,0190h-01EFh \
  -AABS1=020h-07Fh,0A0h-0EFh,0110h-016Fh,0190h-01EFh -ACOMMON=070h-07Fh \
  -ASFR0=00h-01Fh -ASFR1=080h-09Fh -ASFR2=0100h-010Fh -ASFR3=0180h-018Fh \
  -preset_vec=00h,intentry=04h,init,end_init -ppowerup=CODE -pfunctab=CODE \
  -ACONFIG=02007h-02007h -pconfig=CONFIG -DCONFIG=2 -AIDLOC=02000h-02003h \
  -pidloc=IDLOC -DIDLOC=2 -AEEDATA=00h-0FFh/02100h -peeprom_data=EEDATA \
  -DEEDATA=2 -DCODE=2 -DSTRCODE=2 -DSTRING=2 -DCONST=2 -DENTRY=2 -k \
  startup.obj shy_3.obj 

Object code version is 3.10

Machine type is 16F877A



                Name                               Link     Load   Length Selector   Space Scale
startup.obj     end_init                             12       12        3        8       0
                reset_vec                             0        0        3        0       0
shy_3.obj       intentry                              4        4        E        8       0
                config                             2007     2007        1     400E       0
                text170                             176      176       27        8       0
                text169                             14F      14F       27        8       0
                text168                             128      128       27        8       0
                text167                             101      101       27        8       0
                text166                              15       15       89        8       0
                text165                              9E       9E       63        8       0
                maintext                            19D      19D       23        8       0
                cstackBANK0                          20       20        1       20       1
                cstackCOMMON                         70       70        A       70       1
                cinit                               1C0      1C0        4        8       0
                nvCOMMON                             7A       7A        2       70       1

TOTAL           Name                               Link     Load   Length     Space
        CLASS   CONST          

        CLASS   CODE           
                end_init                             12       12        3         0
                intentry                              4        4        E         0
                reset_vec                             0        0        3         0
                text170                             176      176       27         0
                text169                             14F      14F       27         0
                text168                             128      128       27         0
                text167                             101      101       27         0
                text166                              15       15       89         0
                text165                              9E       9E       63         0
                maintext                            19D      19D       23         0
                cinit                               1C0      1C0        4         0

        CLASS   STRCODE        

        CLASS   ENTRY          

        CLASS   STRING         

        CLASS   BANK0          
                cstackBANK0                          20       20        1         1

        CLASS   BANK1          

        CLASS   BANK2          

        CLASS   BANK3          

        CLASS   RAM            

        CLASS   ABS1           
                abs_s1                               7E       7E        2         1

        CLASS   COMMON         
                cstackCOMMON                         70       70        A         1
                nvCOMMON                             7A       7A        2         1

        CLASS   SFR0           

        CLASS   SFR1           

        CLASS   SFR2           

        CLASS   SFR3           

        CLASS   CONFIG         
                config                             2007     2007        1         0

        CLASS   IDLOC          

        CLASS   EEDATA         



SEGMENTS        Name                           Load    Length   Top    Selector   Space  Class     Delta

                reset_vec                      000000  000003  000003         0       0  CODE        2
                intentry                       000004  0001C0  0001C4         8       0  CODE        2
                cstackBANK0                    000020  000001  000021        20       1  BANK0       1
                cstackCOMMON                   000070  00000C  00007C        70       1  COMMON      1
                config                         002007  000001  002008      400E       0  CONFIG      2


UNUSED ADDRESS RANGES

        Name                Unused          Largest block    Delta
        BANK0            0021-006F             4F           1
        BANK1            00A0-00EF             50           1
        BANK2            0110-016F             60           1
        BANK3            0190-01EF             60           1
        CODE             0003-0003              1           2
                         01C4-1FFF            800
        COMMON           007C-007D              2           1
        CONST            0003-0003              1           2
                         01C4-1FFF            100
        EEDATA           2100-21FF            100           2
        ENTRY            0003-0003              1           2
                         01C4-1FFF            100
        IDLOC            2000-2003              4           2
        RAM              0021-006F             4F           1
                         00A0-00EF             50
                         0110-016F             60
                         0190-01EF             60
        SFR0             0000-001F             20           1
        SFR1             0080-009F             20           1
        SFR2             0100-010F             10           1
        SFR3             0180-018F             10           1
        STRCODE          0003-0003              1           2
                         01C4-1FFF           1E3C
        STRING           0003-0003              1           2
                         01C4-1FFF            100

                                  Symbol Table

??_delay1             cstackCOMMON 0070
??_delay2             cstackCOMMON 0070
??_delay3             cstackCOMMON 0070
??_delay4             cstackCOMMON 0070
??_int_rb             cstackCOMMON 0075
??_main               cstackBANK0  0020
??_sound_delay        cstackCOMMON 0073
?_delay1              cstackCOMMON 0070
?_delay2              cstackCOMMON 0070
?_delay3              cstackCOMMON 0070
?_delay4              cstackCOMMON 0070
?_int_rb              cstackCOMMON 0070
?_main                cstackCOMMON 0070
?_sound_delay         cstackCOMMON 0070
_ADCON1               (abs)        009F
_CARRY                (abs)        0018
_EEADR                (abs)        010D
_EECON1               (abs)        018C
_EECON2               (abs)        018D
_EEDATA               (abs)        010C
_GIE                  (abs)        005F
_INTE                 (abs)        005C
_INTEDG               (abs)        040E
_INTF                 (abs)        0059
_PORTB                (abs)        0006
_PORTD                (abs)        0008
_RBIE                 (abs)        005B
_RBIF                 (abs)        0058
_RD                   (abs)        0C60
_RE0                  (abs)        0048
_TRISB                (abs)        0086
_TRISD                (abs)        0088
_TRISE0               (abs)        0448
_WR                   (abs)        0C61
_WREN                 (abs)        0C62
__Habs1               abs1         0000
__Hbank0              bank0        0000
__Hbank1              bank1        0000
__Hbank2              bank2        0000
__Hbank3              bank3        0000
__Hcinit              cinit        0000
__Hclrtext            clrtext      0000
__Hcode               code         0000
__Hcommon             common       0000
__Hconfig             config       2008
__HcstackBANK0        cstackBANK0  0000
__HcstackCOMMON       cstackCOMMON 0000
__Heeprom_data        eeprom_data  0000
__Hend_init           end_init     0015
__Hfunctab            functab      0000
__Hidloc              idloc        0000
__Hinit               init         0012
__Hintentry           intentry     0012
__Hmaintext           maintext     0000
__HnvCOMMON           nvCOMMON     0000
__Hpowerup            powerup      0000
__Hram                ram          0000
__Hreset_vec          reset_vec    0003
__Hsfr0               sfr0         0000
__Hsfr1               sfr1         0000
__Hsfr2               sfr2         0000
__Hsfr3               sfr3         0000
__Hstrings            strings      0000
__Htext               text         0000
__Labs1               abs1         0000
__Lbank0              bank0        0000
__Lbank1              bank1        0000
__Lbank2              bank2        0000
__Lbank3              bank3        0000
__Lcinit              cinit        0000
__Lclrtext            clrtext      0000
__Lcode               code         0000
__Lcommon             common       0000
__Lconfig             config       2007
__LcstackBANK0        cstackBANK0  0000
__LcstackCOMMON       cstackCOMMON 0000
__Leeprom_data        eeprom_data  0000
__Lend_init           end_init     0012
__Lfunctab            functab      0000
__Lidloc              idloc        0000
__Linit               init         0012
__Lintentry           intentry     0004
__Lmaintext           maintext     0000
__LnvCOMMON           nvCOMMON     0000
__Lpowerup            powerup      0000
__Lram                ram          0000
__Lreset_vec          reset_vec    0000
__Lsfr0               sfr0         0000
__Lsfr1               sfr1         0000
__Lsfr2               sfr2         0000
__Lsfr3               sfr3         0000
__Lstrings            strings      0000
__Ltext               text         0000
__S0                  (abs)        2008
__S1                  (abs)        007C
__S2                  (abs)        0000
__end_of_delay1       text170      019D
__end_of_delay2       text169      0176
__end_of_delay3       text168      014F
__end_of_delay4       text167      0128
__end_of_int_rb       text165      0101
__end_of_main         maintext     01C0
__end_of_sound_delay  text166      009E
__pcstackBANK0        cstackBANK0  0020
__pcstackCOMMON       cstackCOMMON 0070
__pintentry           intentry     0004
__pmaintext           maintext     019D
__pnvCOMMON           nvCOMMON     007A
__ptext165            text165      009E
__ptext166            text166      0015
__ptext167            text167      0101
__ptext168            text168      0128
__ptext169            text169      014F
__ptext170            text170      0176
__ptext171            text171      0000
__size_of_delay1      (abs)        0000
__size_of_delay2      (abs)        0000
__size_of_delay3      (abs)        0000
__size_of_delay4      (abs)        0000
__size_of_int_rb      (abs)        0000
__size_of_main        (abs)        0000
__size_of_sound_delay (abs)        0000
_delay1               text170      0176
_delay2               text169      014F
_delay3               text168      0128
_delay4               text167      0101
_exit                 init         0012
_int_rb               text165      009E
_main                 maintext     019D
_nRBPU                (abs)        040F
_sound_delay          text166      0015
_x                    nvCOMMON     007A
_y                    nvCOMMON     007B
btemp                 (abs)        007E
delay1@i1             cstackCOMMON 0071
delay1@i2             cstackCOMMON 0072
delay2@i1             cstackCOMMON 0071
delay2@i2             cstackCOMMON 0072
delay3@i1             cstackCOMMON 0071
delay3@i2             cstackCOMMON 0072
delay4@i1             cstackCOMMON 0071
delay4@i2             cstackCOMMON 0072
end_of_initialization cinit        01C0
interrupt_function    intentry     0004
intlevel0             functab      0000
intlevel1             functab      0000
intlevel2             functab      0000
intlevel3             functab      0000
intlevel4             functab      0000
intlevel5             functab      0000
reset_vec             reset_vec    0000
saved_w               (abs)        007E
sound_delay@i         cstackCOMMON 0073
start                 init         0012
start_initialization  cinit        01C0
wtemp0                (abs)        007E
