HI-TECH Software C Compiler 

Linker command line:

--edf=C:\Program Files (x86)\HI-TECH Software\PICC\9.82\dat\en_msgs.txt -cs \
  -h+shy_5.sym -z -Q16F877A -ol.obj -Mshy_5.map -E1 -ACONST=00h-0FFhx32 \
  -ACODE=00h-07FFhx4 -ASTRCODE=00h-01FFFh -AENTRY=00h-0FFhx32 \
  -ASTRING=00h-0FFhx32 -ABANK0=020h-06Fh -ABANK1=0A0h-0EFh \
  -ABANK2=0110h-016Fh -ABANK3=0190h-01EFh \
  -ARAM=020h-06Fh,0A0h-0EFh,0110h-016Fh,0190h-01EFh \
  -AABS1=020h-07Fh,0A0h-0EFh,0110h-016Fh,0190h-01EFh -ACOMMON=070h-07Fh \
  -ASFR0=00h-01Fh -ASFR1=080h-09Fh -ASFR2=0100h-010Fh -ASFR3=0180h-018Fh \
  -preset_vec=00h,intentry=04h,init,end_init -ppowerup=CODE -pfunctab=CODE \
  -ACONFIG=02007h-02007h -pconfig=CONFIG -DCONFIG=2 -AIDLOC=02000h-02003h \
  -pidloc=IDLOC -DIDLOC=2 -AEEDATA=00h-0FFh/02100h -peeprom_data=EEDATA \
  -DEEDATA=2 -DCODE=2 -DSTRCODE=2 -DSTRING=2 -DCONST=2 -DENTRY=2 -k \
  startup.obj shy_5.obj 

Object code version is 3.10

Machine type is 16F877A



                Name                               Link     Load   Length Selector   Space Scale
startup.obj     end_init                             12       12        3        8       0
                reset_vec                             0        0        3        0       0
shy_5.obj       intentry                              4        4        E        8       0
                config                             2007     2007        1     400E       0
                text130                              B3       B3       3A        8       0
                text129                             11E      11E       1A        8       0
                text128                             191      191        E        8       0
                text127                             183      183        E        8       0
                text126                             162      162       11        8       0
                text125                              ED       ED       31        8       0
                maintext                             15       15       9E        8       0
                cstackCOMMON                         70       70        8       70       1
                inittext                            14F      14F       13        8       0
                dataBANK0                            20       20       10       20       1
                bssCOMMON                            78       78        4       70       1
                bitbssCOMMON                        3E0       7C        1       70       1     8
                cinit                               138      138       17        8       0
                idataBANK0                          173      173       10        8       0

TOTAL           Name                               Link     Load   Length     Space
        CLASS   CONST          

        CLASS   CODE           
                end_init                             12       12        3         0
                intentry                              4        4        E         0
                reset_vec                             0        0        3         0
                text130                              B3       B3       3A         0
                text129                             11E      11E       1A         0
                text128                             191      191        E         0
                text127                             183      183        E         0
                text126                             162      162       11         0
                text125                              ED       ED       31         0
                maintext                             15       15       9E         0
                inittext                            14F      14F       13         0
                cinit                               138      138       17         0
                idataBANK0                          173      173       10         0

        CLASS   STRCODE        

        CLASS   ENTRY          

        CLASS   STRING         

        CLASS   BANK0          
                dataBANK0                            20       20       10         1

        CLASS   BANK1          

        CLASS   BANK2          

        CLASS   BANK3          

        CLASS   RAM            

        CLASS   ABS1           
                abs_s1                               7E       7E        2         1

        CLASS   COMMON         
                cstackCOMMON                         70       70        8         1
                bssCOMMON                            78       78        4         1
                bitbssCOMMON                        3E0       7C        1         1

        CLASS   SFR0           

        CLASS   SFR1           

        CLASS   SFR2           

        CLASS   SFR3           

        CLASS   CONFIG         
                config                             2007     2007        1         0

        CLASS   IDLOC          

        CLASS   EEDATA         



SEGMENTS        Name                           Load    Length   Top    Selector   Space  Class     Delta

                reset_vec                      000000  000003  000003         0       0  CODE        2
                intentry                       000004  00019B  00019F         8       0  CODE        2
                dataBANK0                      000020  000010  000030        20       1  BANK0       1
                cstackCOMMON                   000070  00000D  00007D        70       1  COMMON      1
                config                         002007  000001  002008      400E       0  CONFIG      2


UNUSED ADDRESS RANGES

        Name                Unused          Largest block    Delta
        BANK0            0030-006F             40           1
        BANK1            00A0-00EF             50           1
        BANK2            0110-016F             60           1
        BANK3            0190-01EF             60           1
        CODE             0003-0003              1           2
                         019F-1FFF            800
        COMMON           007D-007D              1           1
        CONST            0003-0003              1           2
                         019F-1FFF            100
        EEDATA           2100-21FF            100           2
        ENTRY            0003-0003              1           2
                         019F-1FFF            100
        IDLOC            2000-2003              4           2
        RAM              0030-006F             40           1
                         00A0-00EF             50
                         0110-016F             60
                         0190-01EF             60
        SFR0             0000-001F             20           1
        SFR1             0080-009F             20           1
        SFR2             0100-010F             10           1
        SFR3             0180-018F             10           1
        STRCODE          0003-0003              1           2
                         019F-1FFF           1E61
        STRING           0003-0003              1           2
                         019F-1FFF            100

                                  Symbol Table

??_DELAY              cstackCOMMON 0075
??_ENABLE             cstackCOMMON 0077
??_ENABLE1            cstackCOMMON 0077
??_Init_LCD           cstackCOMMON 0077
??_ccp1               cstackCOMMON 0070
??_lcd                cstackCOMMON 0077
??_main               cstackCOMMON 0077
?_DELAY               cstackCOMMON 0070
?_ENABLE              cstackCOMMON 0070
?_ENABLE1             cstackCOMMON 0070
?_Init_LCD            cstackCOMMON 0070
?_ccp1                cstackCOMMON 0070
?_lcd                 cstackCOMMON 0070
?_main                cstackCOMMON 0070
DELAY@i               cstackCOMMON 0075
_ADCON1               (abs)        009F
_CARRY                (abs)        0018
_CCP1CON              (abs)        0017
_CCP1IE               (abs)        0462
_CCP1IF               (abs)        0062
_CCPR1H               (abs)        0016
_CCPR1L               (abs)        0015
_DELAY                text129      011E
_EEADR                (abs)        010D
_EECON1               (abs)        018C
_EECON2               (abs)        018D
_EEDATA               (abs)        010C
_ENABLE               text128      0191
_ENABLE1              text127      0183
_GIE                  (abs)        005F
_Init_LCD             text126      0162
_PEIE                 (abs)        005E
_PORTD                (abs)        0008
_RA1                  (abs)        0029
_RA3                  (abs)        002B
_RA4                  (abs)        002C
_RA5                  (abs)        002D
_RD                   (abs)        0C60
_T1CON                (abs)        0010
_TMR1H                (abs)        000F
_TMR1IE               (abs)        0460
_TMR1IF               (abs)        0060
_TMR1L                (abs)        000E
_TMR1ON               (abs)        0080
_TRISA                (abs)        0085
_TRISC2               (abs)        043A
_TRISD                (abs)        0088
_WR                   (abs)        0C61
_WREN                 (abs)        0C62
_Z                    bssCOMMON    0078
__Habs1               abs1         0000
__Hbank0              bank0        0000
__Hbank1              bank1        0000
__Hbank2              bank2        0000
__Hbank3              bank3        0000
__HbitbssCOMMON       bitbssCOMMON 0000
__HbssCOMMON          bssCOMMON    0000
__Hcinit              cinit        0000
__Hclrtext            clrtext      0000
__Hcode               code         0000
__Hcommon             common       0000
__Hconfig             config       2008
__HcstackCOMMON       cstackCOMMON 0000
__HdataBANK0          dataBANK0    0000
__Heeprom_data        eeprom_data  0000
__Hend_init           end_init     0015
__Hfunctab            functab      0000
__HidataBANK0         idataBANK0   0000
__Hidloc              idloc        0000
__Hinit               init         0012
__Hinittext           inittext     0000
__Hintentry           intentry     0012
__Hmaintext           maintext     0000
__Hpowerup            powerup      0000
__Hram                ram          0000
__Hreset_vec          reset_vec    0003
__Hsfr0               sfr0         0000
__Hsfr1               sfr1         0000
__Hsfr2               sfr2         0000
__Hsfr3               sfr3         0000
__Hstrings            strings      0000
__Htext               text         0000
__Labs1               abs1         0000
__Lbank0              bank0        0000
__Lbank1              bank1        0000
__Lbank2              bank2        0000
__Lbank3              bank3        0000
__LbitbssCOMMON       bitbssCOMMON 0000
__LbssCOMMON          bssCOMMON    0000
__Lcinit              cinit        0000
__Lclrtext            clrtext      0000
__Lcode               code         0000
__Lcommon             common       0000
__Lconfig             config       2007
__LcstackCOMMON       cstackCOMMON 0000
__LdataBANK0          dataBANK0    0000
__Leeprom_data        eeprom_data  0000
__Lend_init           end_init     0012
__Lfunctab            functab      0000
__LidataBANK0         idataBANK0   0000
__Lidloc              idloc        0000
__Linit               init         0012
__Linittext           inittext     0000
__Lintentry           intentry     0004
__Lmaintext           maintext     0000
__Lpowerup            powerup      0000
__Lram                ram          0000
__Lreset_vec          reset_vec    0000
__Lsfr0               sfr0         0000
__Lsfr1               sfr1         0000
__Lsfr2               sfr2         0000
__Lsfr3               sfr3         0000
__Lstrings            strings      0000
__Ltext               text         0000
__S0                  (abs)        2008
__S1                  (abs)        007D
__S2                  (abs)        0000
__end_of_DELAY        text129      0138
__end_of_ENABLE       text128      019F
__end_of_ENABLE1      text127      0191
__end_of_Init_LCD     text126      0173
__end_of_ccp1         text130      00ED
__end_of_lcd          text125      011E
__end_of_main         maintext     00B3
__pbitbssCOMMON       bitbssCOMMON 03E0
__pbssCOMMON          bssCOMMON    0078
__pcstackCOMMON       cstackCOMMON 0070
__pdataBANK0          dataBANK0    0020
__pidataBANK0         idataBANK0   0173
__pintentry           intentry     0004
__pmaintext           maintext     0015
__ptext125            text125      00ED
__ptext126            text126      0162
__ptext127            text127      0183
__ptext128            text128      0191
__ptext129            text129      011E
__ptext130            text130      00B3
__ptext131            text131      0000
__size_of_DELAY       (abs)        0000
__size_of_ENABLE      (abs)        0000
__size_of_ENABLE1     (abs)        0000
__size_of_Init_LCD    (abs)        0000
__size_of_ccp1        (abs)        0000
__size_of_lcd         (abs)        0000
__size_of_main        (abs)        0000
_a                    bitbssCOMMON 03E0
_ccp1                 text130      00B3
_exit                 init         0012
_lcd                  text125      00ED
_main                 maintext     0015
_table                dataBANK0    0020
_x                    bssCOMMON    0079
_y                    bssCOMMON    007A
_z                    bssCOMMON    007B
btemp                 (abs)        007E
end_of_initialization cinit        014B
init_fetch            inittext     014F
init_ram              inittext     0153
interrupt_function    intentry     0004
intlevel0             functab      0000
intlevel1             functab      0000
intlevel2             functab      0000
intlevel3             functab      0000
intlevel4             functab      0000
intlevel5             functab      0000
reset_vec             reset_vec    0000
saved_w               (abs)        007E
start                 init         0012
start_initialization  cinit        0138
wtemp0                (abs)        007E
