HI-TECH Software C Compiler 

Linker command line:

--edf=C:\Program Files (x86)\HI-TECH Software\PICC\9.82\dat\en_msgs.txt -cs \
  -h+JY62.sym -z -Q16F877A -ol.obj -MJY62.map -E1 -ACONST=00h-0FFhx32 \
  -ACODE=00h-07FFhx4 -ASTRCODE=00h-01FFFh -AENTRY=00h-0FFhx32 \
  -ASTRING=00h-0FFhx32 -ABANK0=020h-06Fh -ABANK1=0A0h-0EFh \
  -ABANK2=0110h-016Fh -ABANK3=0190h-01EFh \
  -ARAM=020h-06Fh,0A0h-0EFh,0110h-016Fh,0190h-01EFh \
  -AABS1=020h-07Fh,0A0h-0EFh,0110h-016Fh,0190h-01EFh -ACOMMON=070h-07Fh \
  -ASFR0=00h-01Fh -ASFR1=080h-09Fh -ASFR2=0100h-010Fh -ASFR3=0180h-018Fh \
  -preset_vec=00h,intentry=04h,init,end_init -ppowerup=CODE -pfunctab=CODE \
  -ACONFIG=02007h-02007h -pconfig=CONFIG -DCONFIG=2 -AIDLOC=02000h-02003h \
  -pidloc=IDLOC -DIDLOC=2 -AEEDATA=00h-0FFh/02100h -peeprom_data=EEDATA \
  -DEEDATA=2 -DCODE=2 -DSTRCODE=2 -DSTRING=2 -DCONST=2 -DENTRY=2 -k \
  startup.obj JY62.obj 

Object code version is 3.10

Machine type is 16F877A



                Name                               Link     Load   Length Selector   Space Scale
startup.obj     end_init                             12       12        3        8       0
                reset_vec                             0        0        3        0       0
JY62.obj        intentry                              4        4        E        8       0
                config                             2007     2007        1     400E       0
                text931_split_2                      15       15      6CE        8       0
                text931_split_1                     B00      B00      229     1600       0
                text967                            1E62     1E62       7B     3CC4       0
                text966                            11BC     11BC       C8     2378       0
                text965                            1366     1366       EE     26CC       0
                text964                            1A9F     1A9F       28     353E       0
                text963                            1697     1697      169     2D2E       0
                text962                            1A3E     1A3E       1E     347C       0
                text961                            1A22     1A22       1C     3444       0
                text960                            197E     197E        6     32FC       0
                text959                            1984     1984        7     3308       0
                text958                            19EF     19EF       19     33DE       0
                text957                             7E8      7E8       17        8       0
                text956                            1284     1284       E2     2508       0
                text955                            1542     1542      155     2A84       0
                text954                            1A08     1A08       1A     3410       0
                text953                            1AC7     1AC7       2C     358E       0
                text952                            1EDD     1EDD       7D     3DBA       0
                text951                            1F5A     1F5A       A6     3EB4       0
                text950                            1DEC     1DEC       76     3BD8       0
                text949                            1C48     1C48       5E     3890       0
                text948                            1993     1993        E     3326       0
                text947                            1D0E     1D0E       6E     3A1C       0
                text946                            1D7C     1D7C       70     3AF8       0
                text945                            1CA6     1CA6       68     394C       0
                text944                            19A1     19A1        E     3342       0
                text943                            19AF     19AF        E     335E       0
                text942                             803      803      146     1006       0
                text941                            1454     1454       EE     28A8       0
                text940                            1AF3     1AF3       2C     35E6       0
                text939                            1B1F     1B1F       36     363E       0
                text938                            1B55     1B55       40     36AA       0
                text937                            19BD     19BD        F     337A       0
                text936                            1BEE     1BEE       5A     37DC       0
                text935                            10B1     10B1       4D     2162       0
                text934                             949      949      1B7     1292       0
                text933                             D29      D29      2D7     1A52       0
                text932                            1A5C     1A5C       1F     34B8       0
                text931                             6E3      6E3      105        8       0
                text930                            10FE     10FE       BE     21FC       0
                maintext                           1B95     1B95       59     372A       0
                cstackBANK0                          20       20       2D       20       1
                cstackCOMMON                         70       70        E       70       1
                cstackBANK1                          A0       A0       50       A0       1
                cstackBANK3                         190      190       3B      190       1
                inittext                           19DC     19DC       13     33B8       0
                clrtext                            198B     198B        8     3316       0
                bssBANK3                            1CB      1CB        9      190       1
                dataBANK0                            4D       4D       10       20       1
                bssBANK0                             5D       5D        F       20       1
                cinit                              1A7B     1A7B       24     34F6       0
                strings                            1000     1000       AF     2000       0
                idataBANK0                         19CC     19CC       10     3398       0

TOTAL           Name                               Link     Load   Length     Space
        CLASS   CONST          

        CLASS   CODE           
                end_init                             12       12        3         0
                intentry                              4        4        E         0
                reset_vec                             0        0        3         0
                text931_split_2                      15       15      6CE         0
                text931_split_1                     B00      B00      229         0
                text967                            1E62     1E62       7B         0
                text966                            11BC     11BC       C8         0
                text965                            1366     1366       EE         0
                text964                            1A9F     1A9F       28         0
                text963                            1697     1697      169         0
                text962                            1A3E     1A3E       1E         0
                text961                            1A22     1A22       1C         0
                text960                            197E     197E        6         0
                text959                            1984     1984        7         0
                text958                            19EF     19EF       19         0
                text957                             7E8      7E8       17         0
                text956                            1284     1284       E2         0
                text955                            1542     1542      155         0
                text954                            1A08     1A08       1A         0
                text953                            1AC7     1AC7       2C         0
                text952                            1EDD     1EDD       7D         0
                text951                            1F5A     1F5A       A6         0
                text950                            1DEC     1DEC       76         0
                text949                            1C48     1C48       5E         0
                text948                            1993     1993        E         0
                text947                            1D0E     1D0E       6E         0
                text946                            1D7C     1D7C       70         0
                text945                            1CA6     1CA6       68         0
                text944                            19A1     19A1        E         0
                text943                            19AF     19AF        E         0
                text942                             803      803      146         0
                text941                            1454     1454       EE         0
                text940                            1AF3     1AF3       2C         0
                text939                            1B1F     1B1F       36         0
                text938                            1B55     1B55       40         0
                text937                            19BD     19BD        F         0
                text936                            1BEE     1BEE       5A         0
                text935                            10B1     10B1       4D         0
                text934                             949      949      1B7         0
                text933                             D29      D29      2D7         0
                text932                            1A5C     1A5C       1F         0
                text931                             6E3      6E3      105         0
                text930                            10FE     10FE       BE         0
                maintext                           1B95     1B95       59         0
                inittext                           19DC     19DC       13         0
                clrtext                            198B     198B        8         0
                cinit                              1A7B     1A7B       24         0
                idataBANK0                         19CC     19CC       10         0

        CLASS   STRCODE        

        CLASS   ENTRY          

        CLASS   STRING         
                strings                            1000     1000       AF         0

        CLASS   BANK0          
                cstackBANK0                          20       20       2D         1
                dataBANK0                            4D       4D       10         1
                bssBANK0                             5D       5D        F         1

        CLASS   BANK1          
                cstackBANK1                          A0       A0       50         1

        CLASS   BANK2          

        CLASS   BANK3          
                cstackBANK3                         190      190       3B         1
                bssBANK3                            1CB      1CB        9         1

        CLASS   RAM            

        CLASS   ABS1           
                abs_s1                               7E       7E        2         1

        CLASS   COMMON         
                cstackCOMMON                         70       70        E         1

        CLASS   SFR0           

        CLASS   SFR1           

        CLASS   SFR2           

        CLASS   SFR3           

        CLASS   CONFIG         
                config                             2007     2007        1         0

        CLASS   IDLOC          

        CLASS   EEDATA         



SEGMENTS        Name                           Load    Length   Top    Selector   Space  Class     Delta

                reset_vec                      000000  000003  000003         0       0  CODE        2
                intentry                       000004  0007FB  0007FF         8       0  CODE        2
                cstackBANK0                    000020  00004C  00006C        20       1  BANK0       1
                cstackCOMMON                   000070  00000E  00007E        70       1  COMMON      1
                cstackBANK1                    0000A0  000050  0000F0        A0       1  BANK1       1
                cstackBANK3                    000190  000044  0001D4       190       1  BANK3       1
                text942                        000803  000146  000949      1006       0  CODE        2
                text934                        000949  0001B7  000B00      1292       0  CODE        2
                text931_split_1                000B00  000229  000D29      1600       0  CODE        2
                text933                        000D29  0002D7  001000      1A52       0  CODE        2
                strings                        001000  0000AF  0010AF      2000       0  STRING      2
                text935                        0010B1  00004D  0010FE      2162       0  CODE        2
                text930                        0010FE  0000BE  0011BC      21FC       0  CODE        2
                text966                        0011BC  0000C8  001284      2378       0  CODE        2
                text956                        001284  0000E2  001366      2508       0  CODE        2
                text965                        001366  0000EE  001454      26CC       0  CODE        2
                text941                        001454  0000EE  001542      28A8       0  CODE        2
                text955                        001542  000155  001697      2A84       0  CODE        2
                text963                        001697  000169  001800      2D2E       0  CODE        2
                text960                        00197E  000006  001984      32FC       0  CODE        2
                text959                        001984  000007  00198B      3308       0  CODE        2
                clrtext                        00198B  000008  001993      3316       0  CODE        2
                text948                        001993  00000E  0019A1      3326       0  CODE        2
                text944                        0019A1  00000E  0019AF      3342       0  CODE        2
                text943                        0019AF  00000E  0019BD      335E       0  CODE        2
                text937                        0019BD  00000F  0019CC      337A       0  CODE        2
                idataBANK0                     0019CC  000010  0019DC      3398       0  CODE        2
                inittext                       0019DC  000013  0019EF      33B8       0  CODE        2
                text958                        0019EF  000019  001A08      33DE       0  CODE        2
                text954                        001A08  00001A  001A22      3410       0  CODE        2
                text961                        001A22  00001C  001A3E      3444       0  CODE        2
                text962                        001A3E  00001E  001A5C      347C       0  CODE        2
                text932                        001A5C  00001F  001A7B      34B8       0  CODE        2
                cinit                          001A7B  000024  001A9F      34F6       0  CODE        2
                text964                        001A9F  000028  001AC7      353E       0  CODE        2
                text953                        001AC7  00002C  001AF3      358E       0  CODE        2
                text940                        001AF3  00002C  001B1F      35E6       0  CODE        2
                text939                        001B1F  000036  001B55      363E       0  CODE        2
                text938                        001B55  000040  001B95      36AA       0  CODE        2
                maintext                       001B95  000059  001BEE      372A       0  CODE        2
                text936                        001BEE  00005A  001C48      37DC       0  CODE        2
                text949                        001C48  00005E  001CA6      3890       0  CODE        2
                text945                        001CA6  000068  001D0E      394C       0  CODE        2
                text947                        001D0E  00006E  001D7C      3A1C       0  CODE        2
                text946                        001D7C  000070  001DEC      3AF8       0  CODE        2
                text950                        001DEC  000076  001E62      3BD8       0  CODE        2
                text967                        001E62  00007B  001EDD      3CC4       0  CODE        2
                text952                        001EDD  00007D  001F5A      3DBA       0  CODE        2
                text951                        001F5A  0000A6  002000      3EB4       0  CODE        2
                config                         002007  000001  002008      400E       0  CONFIG      2


UNUSED ADDRESS RANGES

        Name                Unused          Largest block    Delta
        BANK0            006C-006F              4           1
        BANK2            0110-016F             60           1
        BANK3            01D4-01EF             1C           1
        CODE             0003-0003              1           2
                         07FF-0802              1
                         10AF-10B0              2
                         1800-197D            17E
        CONST            0003-0003              1           2
                         07FF-0802              1
                         10AF-10B0              2
                         1800-197D            100
        EEDATA           2100-21FF            100           2
        ENTRY            0003-0003              1           2
                         07FF-0802              1
                         10AF-10B0              2
                         1800-197D            100
        IDLOC            2000-2003              4           2
        RAM              006C-006F              4           1
                         0110-016F             60
                         01D4-01EF             1C
        SFR0             0000-001F             20           1
        SFR1             0080-009F             20           1
        SFR2             0100-010F             10           1
        SFR3             0180-018F             10           1
        STRCODE          0003-0003              1           2
                         07FF-0802              4
                         10AF-10B0              2
                         1800-197D            17E
        STRING           0003-0003              1           2
                         07FF-0802              1
                         10AF-10B0              2
                         1800-197D            100

                                  Symbol Table

??_Beep_Init               cstackBANK1  00A0
??_DELAY                   cstackBANK1  00A0
??_ENABLE                  cstackBANK1  00A2
??_ENABLE1                 cstackBANK1  00A2
??_JY62_InfiniteYaw        cstackBANK1  00CB
??_JY62_ReceiveData        cstackBANK0  0040
??_JY62_ShowData           cstackBANK1  00EF
??_KEY_Init                cstackBANK1  00A0
??_LCD_Clear               cstackBANK1  00A2
??_LCD_Init                cstackBANK1  00A2
??_LCD_ShowString          cstackBANK1  00A6
??_Uart_Init               cstackBANK1  00A0
??___awdiv                 cstackBANK1  00AB
??___awmod                 cstackBANK1  00A4
??___awtoft                cstackBANK1  00C5
??___bmul                  cstackBANK1  00B1
??___ftadd                 cstackBANK1  00D8
??___ftdiv                 cstackBANK0  0026
??___ftge                  cstackBANK1  00A6
??___ftmul                 cstackBANK1  00C8
??___ftneg                 cstackBANK1  00A3
??___ftpack                cstackBANK1  00A5
??___ftsub                 cstackBANK1  00E5
??___fttol                 cstackBANK1  00B8
??___lldiv                 cstackBANK1  00A8
??___llmod                 cstackBANK1  00B6
??___lltoft                cstackBANK1  00AC
??___wmul                  cstackBANK1  00A4
??__div_to_l_              cstackBANK1  00A6
??__tdiv_to_l_             cstackBANK1  00A6
??_fround                  cstackBANK1  00E2
??_isdigit                 cstackBANK1  00A0
??_main                    cstackBANK1  00F0
??_scale                   cstackBANK1  00D5
??_sprintf                 cstackBANK3  0194
??_uart_service            cstackBANK0  0047
??i1___awtoft              cstackCOMMON 007B
??i1___ftmul               cstackBANK0  0036
??i1___ftpack              cstackCOMMON 0075
?_Beep_Init                cstackCOMMON 0070
?_DELAY                    cstackCOMMON 0070
?_ENABLE                   cstackCOMMON 0070
?_ENABLE1                  cstackCOMMON 0070
?_JY62_InfiniteYaw         cstackBANK1  00C8
?_JY62_ReceiveData         cstackCOMMON 0070
?_JY62_ShowData            cstackBANK3  01B3
?_KEY_Init                 cstackCOMMON 0070
?_LCD_Clear                cstackCOMMON 0070
?_LCD_Init                 cstackCOMMON 0070
?_LCD_ShowString           cstackBANK1  00A2
?_Uart_Init                cstackCOMMON 0070
?___awdiv                  cstackBANK1  00A7
?___awmod                  cstackBANK1  00A0
?___awtoft                 cstackBANK1  00C2
?___bmul                   cstackBANK1  00B0
?___ftadd                  cstackBANK1  00D2
?___ftdiv                  cstackBANK0  0020
?___ftge                   cstackBANK1  00A0
?___ftmul                  cstackBANK1  00C2
?___ftneg                  cstackBANK1  00A0
?___ftpack                 cstackBANK1  00A0
?___ftsub                  cstackBANK1  00DF
?___fttol                  cstackBANK1  00B4
?___lldiv                  cstackBANK1  00A0
?___llmod                  cstackBANK1  00AE
?___lltoft                 cstackBANK1  00A8
?___wmul                   cstackBANK1  00A0
?__div_to_l_               cstackBANK1  00A0
?__tdiv_to_l_              cstackBANK1  00A0
?_fround                   cstackBANK1  00DF
?_isdigit                  cstackCOMMON 0070
?_main                     cstackCOMMON 0070
?_scale                    cstackBANK1  00D2
?_sprintf                  cstackBANK3  0190
?_uart_service             cstackCOMMON 0070
?i1___awtoft               cstackCOMMON 0078
?i1___ftmul                cstackBANK0  0030
?i1___ftpack               cstackCOMMON 0070
DELAY@i                    cstackBANK1  00A0
JY62_InfiniteYaw@new_yaw   cstackBANK1  00CF
JY62_InfiniteYaw@yaw       cstackBANK1  00C8
JY62_ReceiveData@RxData    cstackBANK0  0046
JY62_ReceiveData@i         cstackBANK0  0045
JY62_ReceiveData@sum       cstackBANK0  0044
JY62_ShowData@infinite_yaw cstackBANK3  01C7
JY62_ShowData@pitch        cstackBANK3  01B6
JY62_ShowData@roll         cstackBANK3  01B3
JY62_ShowData@str          cstackBANK3  01BC
JY62_ShowData@yaw          cstackBANK3  01B9
LCD_ShowString@address     cstackBANK1  00A7
LCD_ShowString@col         cstackBANK1  00A5
LCD_ShowString@row         cstackBANK1  00A4
LCD_ShowString@str         cstackBANK1  00A2
_ADCON1                    (abs)        009F
_Beep_Init                 text959      1984
_CARRY                     (abs)        0018
_CREN                      (abs)        00C4
_DELAY                     text961      1A22
_EEADR                     (abs)        010D
_EECON1                    (abs)        018C
_EECON2                    (abs)        018D
_EEDATA                    (abs)        010C
_ENABLE                    text944      19A1
_ENABLE1                   text943      19AF
_GIE                       (abs)        005F
_JY62_InfiniteYaw          text935      10B1
_JY62_ReceiveData          text963      1697
_JY62_ShowData             text930      10FE
_JY62_ShowData$6334        cstackBANK3  01C9
_KEY_Init                  text960      197E
_LCD_Clear                 text937      19BD
_LCD_Init                  text938      1B55
_LCD_ShowString            text936      1BEE
_PEIE                      (abs)        005E
_PORTB                     (abs)        0006
_PORTD                     (abs)        0008
_Pitch                     bssBANK3     01CB
_RA3                       (abs)        002B
_RA4                       (abs)        002C
_RA5                       (abs)        002D
_RCIE                      (abs)        0465
_RCIF                      (abs)        0065
_RCREG                     (abs)        001A
_RCSTA                     (abs)        0018
_RD                        (abs)        0C60
_RE0                       (abs)        0048
_Roll                      bssBANK3     01CE
_RxBuffer                  bssBANK0     005D
_RxIndex                   bssBANK0     0068
_RxState                   bssBANK0     0069
_SPBRG                     (abs)        0099
_SPEN                      (abs)        00C7
_SYNC                      (abs)        04C4
_TABLE                     dataBANK0    004D
_TRISA                     (abs)        0085
_TRISB                     (abs)        0086
_TRISC                     (abs)        0087
_TRISD                     (abs)        0088
_TRISE                     (abs)        0089
_TXSTA                     (abs)        0098
_Uart_Init                 text958      19EF
_WR                        (abs)        0C61
_WREN                      (abs)        0C62
_Yaw                       bssBANK3     01D1
__Habs1                    abs1         0000
__Hbank0                   bank0        0000
__Hbank1                   bank1        0000
__Hbank2                   bank2        0000
__Hbank3                   bank3        0000
__HbssBANK0                bssBANK0     0000
__HbssBANK3                bssBANK3     0000
__Hcinit                   cinit        0000
__Hclrtext                 clrtext      0000
__Hcode                    code         0000
__Hcommon                  common       0000
__Hconfig                  config       2008
__HcstackBANK0             cstackBANK0  0000
__HcstackBANK1             cstackBANK1  0000
__HcstackBANK3             cstackBANK3  0000
__HcstackCOMMON            cstackCOMMON 0000
__HdataBANK0               dataBANK0    0000
__Heeprom_data             eeprom_data  0000
__Hend_init                end_init     0015
__Hfunctab                 functab      0000
__HidataBANK0              idataBANK0   0000
__Hidloc                   idloc        0000
__Hinit                    init         0012
__Hinittext                inittext     0000
__Hintentry                intentry     0012
__Hmaintext                maintext     0000
__Hpowerup                 powerup      0000
__Hram                     ram          0000
__Hreset_vec               reset_vec    0003
__Hsfr0                    sfr0         0000
__Hsfr1                    sfr1         0000
__Hsfr2                    sfr2         0000
__Hsfr3                    sfr3         0000
__Hstrings                 strings      0000
__Htext                    text         0000
__Labs1                    abs1         0000
__Lbank0                   bank0        0000
__Lbank1                   bank1        0000
__Lbank2                   bank2        0000
__Lbank3                   bank3        0000
__LbssBANK0                bssBANK0     0000
__LbssBANK3                bssBANK3     0000
__Lcinit                   cinit        0000
__Lclrtext                 clrtext      0000
__Lcode                    code         0000
__Lcommon                  common       0000
__Lconfig                  config       2007
__LcstackBANK0             cstackBANK0  0000
__LcstackBANK1             cstackBANK1  0000
__LcstackBANK3             cstackBANK3  0000
__LcstackCOMMON            cstackCOMMON 0000
__LdataBANK0               dataBANK0    0000
__Leeprom_data             eeprom_data  0000
__Lend_init                end_init     0012
__Lfunctab                 functab      0000
__LidataBANK0              idataBANK0   0000
__Lidloc                   idloc        0000
__Linit                    init         0012
__Linittext                inittext     0000
__Lintentry                intentry     0004
__Lmaintext                maintext     0000
__Lpowerup                 powerup      0000
__Lram                     ram          0000
__Lreset_vec               reset_vec    0000
__Lsfr0                    sfr0         0000
__Lsfr1                    sfr1         0000
__Lsfr2                    sfr2         0000
__Lsfr3                    sfr3         0000
__Lstrings                 strings      0000
__Ltext                    text         0000
__S0                       (abs)        2008
__S1                       (abs)        01D4
__S2                       (abs)        0000
___awdiv                   text950      1DEC
___awdiv@counter           cstackBANK1  00AC
___awdiv@dividend          cstackBANK1  00A9
___awdiv@divisor           cstackBANK1  00A7
___awdiv@quotient          cstackBANK1  00AE
___awdiv@sign              cstackBANK1  00AD
___awmod                   text945      1CA6
___awmod@counter           cstackBANK1  00A5
___awmod@dividend          cstackBANK1  00A2
___awmod@divisor           cstackBANK1  00A0
___awmod@sign              cstackBANK1  00A6
___awtoft                  text940      1AF3
___awtoft@c                cstackBANK1  00C2
___awtoft@sign             cstackBANK1  00C7
___bmul                    text954      1A08
___bmul@multiplicand       cstackBANK1  00B0
___bmul@multiplier         cstackBANK1  00B3
___bmul@product            cstackBANK1  00B2
___ftadd                   text942      0803
___ftadd@exp1              cstackBANK1  00DE
___ftadd@exp2              cstackBANK1  00DD
___ftadd@f1                cstackBANK1  00D2
___ftadd@f2                cstackBANK1  00D5
___ftadd@sign              cstackBANK1  00DC
___ftdiv                   text966      11BC
___ftdiv@cntr              cstackBANK0  002A
___ftdiv@exp               cstackBANK0  002E
___ftdiv@f1                cstackBANK0  0023
___ftdiv@f2                cstackBANK0  0020
___ftdiv@f3                cstackBANK0  002B
___ftdiv@sign              cstackBANK0  002F
___ftge                    text947      1D0E
___ftge@ff1                cstackBANK1  00A0
___ftge@ff2                cstackBANK1  00A3
___ftmul                   text941      1454
___ftmul@cntr              cstackBANK1  00D0
___ftmul@exp               cstackBANK1  00CC
___ftmul@f1                cstackBANK1  00C2
___ftmul@f2                cstackBANK1  00C5
___ftmul@f3_as_product     cstackBANK1  00CD
___ftmul@sign              cstackBANK1  00D1
___ftneg                   text948      1993
___ftneg@f1                cstackBANK1  00A0
___ftpack                  text952      1EDD
___ftpack@arg              cstackBANK1  00A0
___ftpack@exp              cstackBANK1  00A3
___ftpack@sign             cstackBANK1  00A4
___ftsub                   text932      1A5C
___ftsub@f1                cstackBANK1  00E2
___ftsub@f2                cstackBANK1  00DF
___fttol                   text951      1F5A
___fttol@exp1              cstackBANK1  00C1
___fttol@f1                cstackBANK1  00B4
___fttol@lval              cstackBANK1  00BD
___fttol@sign1             cstackBANK1  00BC
___lldiv                   text946      1D7C
___lldiv@counter           cstackBANK1  00AD
___lldiv@dividend          cstackBANK1  00A4
___lldiv@divisor           cstackBANK1  00A0
___lldiv@quotient          cstackBANK1  00A9
___llmod                   text949      1C48
___llmod@counter           cstackBANK1  00B7
___llmod@dividend          cstackBANK1  00B2
___llmod@divisor           cstackBANK1  00AE
___lltoft                  text939      1B1F
___lltoft@c                cstackBANK1  00A8
___lltoft@exp              cstackBANK1  00AD
___wmul                    text953      1AC7
___wmul@multiplicand       cstackBANK1  00A2
___wmul@multiplier         cstackBANK1  00A0
___wmul@product            cstackBANK1  00A4
__div_to_l_                text955      1542
__div_to_l_@cntr           cstackBANK1  00B2
__div_to_l_@exp1           cstackBANK1  00B3
__div_to_l_@f1             cstackBANK1  00A0
__div_to_l_@f2             cstackBANK1  00A3
__div_to_l_@quot           cstackBANK1  00AE
__end_of_Beep_Init         text959      198B
__end_of_DELAY             text961      1A3E
__end_of_ENABLE            text944      19AF
__end_of_ENABLE1           text943      19BD
__end_of_JY62_InfiniteYaw  text935      10FE
__end_of_JY62_ReceiveData  text963      1800
__end_of_JY62_ShowData     text930      11BC
__end_of_KEY_Init          text960      1984
__end_of_LCD_Clear         text937      19CC
__end_of_LCD_Init          text938      1B95
__end_of_LCD_ShowString    text936      1C48
__end_of_Uart_Init         text958      1A08
__end_of___awdiv           text950      1E62
__end_of___awmod           text945      1D0E
__end_of___awtoft          text940      1B1F
__end_of___bmul            text954      1A22
__end_of___ftadd           text942      0949
__end_of___ftdiv           text966      1284
__end_of___ftge            text947      1D7C
__end_of___ftmul           text941      1542
__end_of___ftneg           text948      19A1
__end_of___ftpack          text952      1F5A
__end_of___ftsub           text932      1A7B
__end_of___fttol           text951      2000
__end_of___lldiv           text946      1DEC
__end_of___llmod           text949      1CA6
__end_of___lltoft          text939      1B55
__end_of___wmul            text953      1AF3
__end_of__div_to_l_        text955      1697
__end_of__tdiv_to_l_       text956      1366
__end_of_fround            text934      0B00
__end_of_isdigit           text957      07FF
__end_of_main              maintext     1BEE
__end_of_scale             text933      1000
__end_of_sprintf           text931_split_2 06E3
__end_of_uart_service      text962      1A5C
__end_ofi1___awtoft        text964      1AC7
__end_ofi1___ftmul         text965      1454
__end_ofi1___ftpack        text967      1EDD
__npowers_                 strings      1038
__pbssBANK0                bssBANK0     005D
__pbssBANK3                bssBANK3     01CB
__pcstackBANK0             cstackBANK0  0020
__pcstackBANK1             cstackBANK1  00A0
__pcstackBANK3             cstackBANK3  0190
__pcstackCOMMON            cstackCOMMON 0070
__pdataBANK0               dataBANK0    004D
__pidataBANK0              idataBANK0   19CC
__pintentry                intentry     0004
__pmaintext                maintext     1B95
__powers_                  strings      105F
__pstrings                 strings      1000
__ptext930                 text930      10FE
__ptext931                 text931      06E3
__ptext932                 text932      1A5C
__ptext933                 text933      0D29
__ptext934                 text934      0949
__ptext935                 text935      10B1
__ptext936                 text936      1BEE
__ptext937                 text937      19BD
__ptext938                 text938      1B55
__ptext939                 text939      1B1F
__ptext940                 text940      1AF3
__ptext941                 text941      1454
__ptext942                 text942      0803
__ptext943                 text943      19AF
__ptext944                 text944      19A1
__ptext945                 text945      1CA6
__ptext946                 text946      1D7C
__ptext947                 text947      1D0E
__ptext948                 text948      1993
__ptext949                 text949      1C48
__ptext950                 text950      1DEC
__ptext951                 text951      1F5A
__ptext952                 text952      1EDD
__ptext953                 text953      1AC7
__ptext954                 text954      1A08
__ptext955                 text955      1542
__ptext956                 text956      1284
__ptext957                 text957      07E8
__ptext958                 text958      19EF
__ptext959                 text959      1984
__ptext960                 text960      197E
__ptext961                 text961      1A22
__ptext962                 text962      1A3E
__ptext963                 text963      1697
__ptext964                 text964      1A9F
__ptext965                 text965      1366
__ptext966                 text966      11BC
__ptext967                 text967      1E62
__ptext968                 text968      0000
__size_of_Beep_Init        (abs)        0000
__size_of_DELAY            (abs)        0000
__size_of_ENABLE           (abs)        0000
__size_of_ENABLE1          (abs)        0000
__size_of_JY62_InfiniteYaw (abs)        0000
__size_of_JY62_ReceiveData (abs)        0000
__size_of_JY62_ShowData    (abs)        0000
__size_of_KEY_Init         (abs)        0000
__size_of_LCD_Clear        (abs)        0000
__size_of_LCD_Init         (abs)        0000
__size_of_LCD_ShowString   (abs)        0000
__size_of_Uart_Init        (abs)        0000
__size_of___awdiv          (abs)        0000
__size_of___awmod          (abs)        0000
__size_of___awtoft         (abs)        0000
__size_of___bmul           (abs)        0000
__size_of___ftadd          (abs)        0000
__size_of___ftdiv          (abs)        0000
__size_of___ftge           (abs)        0000
__size_of___ftmul          (abs)        0000
__size_of___ftneg          (abs)        0000
__size_of___ftpack         (abs)        0000
__size_of___ftsub          (abs)        0000
__size_of___fttol          (abs)        0000
__size_of___lldiv          (abs)        0000
__size_of___llmod          (abs)        0000
__size_of___lltoft         (abs)        0000
__size_of___wmul           (abs)        0000
__size_of__div_to_l_       (abs)        0000
__size_of__tdiv_to_l_      (abs)        0000
__size_of_fround           (abs)        0000
__size_of_isdigit          (abs)        0000
__size_of_main             (abs)        0000
__size_of_scale            (abs)        0000
__size_of_sprintf          (abs)        0000
__size_of_uart_service     (abs)        0000
__size_ofi1___awtoft       (abs)        0000
__size_ofi1___ftmul        (abs)        0000
__size_ofi1___ftpack       (abs)        0000
__tdiv_to_l_               text956      1284
__tdiv_to_l_@cntr          cstackBANK1  00AE
__tdiv_to_l_@exp1          cstackBANK1  00AF
__tdiv_to_l_@f1            cstackBANK1  00A0
__tdiv_to_l_@f2            cstackBANK1  00A3
__tdiv_to_l_@quot          cstackBANK1  00AA
_dpowers                   strings      1010
_exit                      init         0012
_fround                    text934      0949
_fround$6335               cstackBANK1  00EB
_fround$6336               cstackBANK1  00E8
_isdigit                   text957      07E8
_isdigit$5858              cstackBANK1  00A0
_main                      maintext     1B95
_nRBPU                     (abs)        040F
_preres                    bssBANK0     006A
_result                    bssBANK0     006B
_scale                     text933      0D29
_scale$6337                cstackBANK1  00D7
_sprintf                   text931      06E3
_sprintf$5503              cstackBANK3  019A
_uart_service              text962      1A3E
btemp                      (abs)        007E
clear_ram                  clrtext      198B
end_of_initialization      cinit        1A9B
fround@prec                cstackBANK1  00EE
i1___awtoft                text964      1A9F
i1___awtoft@c              cstackCOMMON 0078
i1___awtoft@sign           cstackCOMMON 007D
i1___ftmul                 text965      1366
i1___ftmul@cntr            cstackBANK0  003E
i1___ftmul@exp             cstackBANK0  003A
i1___ftmul@f1              cstackBANK0  0030
i1___ftmul@f2              cstackBANK0  0033
i1___ftmul@f3_as_product   cstackBANK0  003B
i1___ftmul@sign            cstackBANK0  003F
i1___ftpack                text967      1E62
i1___ftpack@arg            cstackCOMMON 0070
i1___ftpack@exp            cstackCOMMON 0073
i1___ftpack@sign           cstackCOMMON 0074
init_fetch                 inittext     19DC
init_ram                   inittext     19E0
interrupt_function         intentry     0004
intlevel0                  functab      0000
intlevel1                  functab      0000
intlevel2                  functab      0000
intlevel3                  functab      0000
intlevel4                  functab      0000
intlevel5                  functab      0000
isdigit@c                  cstackBANK1  00A1
reset_vec                  reset_vec    0000
saved_w                    (abs)        007E
scale@scl                  cstackBANK1  00DA
sprintf@_val               cstackBANK3  01A2
sprintf@ap                 cstackBANK3  019E
sprintf@c                  cstackBANK3  01B2
sprintf@exp                cstackBANK3  01A8
sprintf@f                  cstackBANK3  0190
sprintf@flag               cstackBANK3  01A6
sprintf@fval               cstackBANK3  01AC
sprintf@integ              cstackBANK3  019F
sprintf@prec               cstackBANK3  01AF
sprintf@sp                 cstackBANK3  01B1
sprintf@width              cstackBANK3  01AA
start                      init         0012
start_initialization       cinit        1A7B
uart_service@RxData        cstackBANK0  004C
wtemp0                     (abs)        007E
