HI-TECH Software C Compiler 

Linker command line:

--edf=C:\Program Files (x86)\HI-TECH Software\PICC\9.82\dat\en_msgs.txt -cs \
  -h+RX.sym -z -Q16F877A -ol.obj -MRX.map -E1 -ACONST=00h-0FFhx32 \
  -ACODE=00h-07FFhx4 -ASTRCODE=00h-01FFFh -AENTRY=00h-0FFhx32 \
  -ASTRING=00h-0FFhx32 -ABANK0=020h-06Fh -ABANK1=0A0h-0EFh \
  -ABANK2=0110h-016Fh -ABANK3=0190h-01EFh \
  -ARAM=020h-06Fh,0A0h-0EFh,0110h-016Fh,0190h-01EFh \
  -AABS1=020h-07Fh,0A0h-0EFh,0110h-016Fh,0190h-01EFh -ACOMMON=070h-07Fh \
  -ASFR0=00h-01Fh -ASFR1=080h-09Fh -ASFR2=0100h-010Fh -ASFR3=0180h-018Fh \
  -preset_vec=00h,intentry=04h,init,end_init -ppowerup=CODE -pfunctab=CODE \
  -ACONFIG=02007h-02007h -pconfig=CONFIG -DCONFIG=2 -AIDLOC=02000h-02003h \
  -pidloc=IDLOC -DIDLOC=2 -AEEDATA=00h-0FFh/02100h -peeprom_data=EEDATA \
  -DEEDATA=2 -DCODE=2 -DSTRCODE=2 -DSTRING=2 -DCONST=2 -DENTRY=2 -k \
  startup.obj RX.obj 

Object code version is 3.10

Machine type is 16F877A



                Name                               Link     Load   Length Selector   Space Scale
startup.obj     end_init                             12       12        3        8       0
                reset_vec                             0        0        3        0       0
RX.obj          intentry                              4        4        E        8       0
                config                             2007     2007        1     400E       0
                text360                             556      556       1A        8       0
                text359                             4F5      4F5       2A        8       0
                text358                             4AB      4AB       4A        8       0
                text357                             437      437       74        8       0
                text356                             38F      38F       A8        8       0
                text355                             177      177      12A        8       0
                text354                             2A1      2A1       EE        8       0
                text353                             51F      51F       1C        8       0
                text352                             5A9      5A9        E        8       0
                text351                             59B      59B        E        8       0
                maintext                             15       15      162        8       0
                cstackBANK0                          5B       5B        E       20       1
                cstackCOMMON                         70       70        D       70       1
                cstackBANK1                          A0       A0        3       A0       1
                inittext                            588      588       13        8       0
                clrtext                             5B7      5B7        8        8       0
                dataBANK0                            43       43       18       20       1
                bssBANK0                             20       20       23       20       1
                bssCOMMON                            7D       7D        1       70       1
                cinit                               53B      53B       1B        8       0
                nvBANK0                              69       69        1       20       1
                idataBANK0                          570      570       18        8       0

TOTAL           Name                               Link     Load   Length     Space
        CLASS   CONST          

        CLASS   CODE           
                end_init                             12       12        3         0
                intentry                              4        4        E         0
                reset_vec                             0        0        3         0
                text360                             556      556       1A         0
                text359                             4F5      4F5       2A         0
                text358                             4AB      4AB       4A         0
                text357                             437      437       74         0
                text356                             38F      38F       A8         0
                text355                             177      177      12A         0
                text354                             2A1      2A1       EE         0
                text353                             51F      51F       1C         0
                text352                             5A9      5A9        E         0
                text351                             59B      59B        E         0
                maintext                             15       15      162         0
                inittext                            588      588       13         0
                clrtext                             5B7      5B7        8         0
                cinit                               53B      53B       1B         0
                idataBANK0                          570      570       18         0

        CLASS   STRCODE        

        CLASS   ENTRY          

        CLASS   STRING         

        CLASS   BANK0          
                cstackBANK0                          5B       5B        E         1
                dataBANK0                            43       43       18         1
                bssBANK0                             20       20       23         1
                nvBANK0                              69       69        1         1

        CLASS   BANK1          
                cstackBANK1                          A0       A0        3         1

        CLASS   BANK2          

        CLASS   BANK3          

        CLASS   RAM            

        CLASS   ABS1           
                abs_s1                               7E       7E        2         1

        CLASS   COMMON         
                cstackCOMMON                         70       70        D         1
                bssCOMMON                            7D       7D        1         1

        CLASS   SFR0           

        CLASS   SFR1           

        CLASS   SFR2           

        CLASS   SFR3           

        CLASS   CONFIG         
                config                             2007     2007        1         0

        CLASS   IDLOC          

        CLASS   EEDATA         



SEGMENTS        Name                           Load    Length   Top    Selector   Space  Class     Delta

                reset_vec                      000000  000003  000003         0       0  CODE        2
                intentry                       000004  0005BB  0005BF         8       0  CODE        2
                bssBANK0                       000020  00004A  00006A        20       1  BANK0       1
                cstackCOMMON                   000070  00000E  00007E        70       1  COMMON      1
                cstackBANK1                    0000A0  000003  0000A3        A0       1  BANK1       1
                config                         002007  000001  002008      400E       0  CONFIG      2


UNUSED ADDRESS RANGES

        Name                Unused          Largest block    Delta
        BANK0            006A-006F              6           1
        BANK1            00A3-00EF             4D           1
        BANK2            0110-016F             60           1
        BANK3            0190-01EF             60           1
        CODE             0003-0003              1           2
                         05BF-1FFF            800
        CONST            0003-0003              1           2
                         05BF-1FFF            100
        EEDATA           2100-21FF            100           2
        ENTRY            0003-0003              1           2
                         05BF-1FFF            100
        IDLOC            2000-2003              4           2
        RAM              006A-006F              6           1
                         00A3-00EF             4D
                         0110-016F             60
                         0190-01EF             60
        SFR0             0000-001F             20           1
        SFR1             0080-009F             20           1
        SFR2             0100-010F             10           1
        SFR3             0180-018F             10           1
        STRCODE          0003-0003              1           2
                         05BF-1FFF           1A41
        STRING           0003-0003              1           2
                         05BF-1FFF            100

                                  Symbol Table

??_DELAY              cstackBANK1  00A0
??_DELAY1             cstackCOMMON 0070
??_ENABLE             cstackBANK1  00A2
??_ENABLE1            cstackBANK1  00A2
??___aldiv            cstackCOMMON 0078
??___awdiv            cstackCOMMON 0074
??___lmul             cstackCOMMON 0078
??___wmul             cstackCOMMON 0074
??_div                cstackBANK0  0061
??_main               cstackBANK1  00A2
??_usart_seve         cstackBANK0  0063
?_DELAY               cstackCOMMON 0070
?_DELAY1              cstackCOMMON 0070
?_ENABLE              cstackCOMMON 0070
?_ENABLE1             cstackCOMMON 0070
?___aldiv             cstackCOMMON 0070
?___awdiv             cstackCOMMON 0070
?___lmul              cstackCOMMON 0070
?___wmul              cstackCOMMON 0070
?_div                 cstackCOMMON 0070
?_main                cstackCOMMON 0070
?_usart_seve          cstackCOMMON 0070
DELAY1@i              cstackCOMMON 0070
DELAY@i               cstackBANK1  00A0
_ADCON1               (abs)        009F
_BRGH                 (abs)        04C2
_CARRY                (abs)        0018
_CREN                 (abs)        00C4
_DELAY                text353      051F
_DELAY1               text360      0556
_EEADR                (abs)        010D
_EECON1               (abs)        018C
_EECON2               (abs)        018D
_EEDATA               (abs)        010C
_ENABLE               text352      05A9
_ENABLE1              text351      059B
_GIE                  (abs)        005F
_PEIE                 (abs)        005E
_PORTB                (abs)        0006
_PORTD                (abs)        0008
_RA3                  (abs)        002B
_RA4                  (abs)        002C
_RA5                  (abs)        002D
_RBIE                 (abs)        005B
_RBIF                 (abs)        0058
_RCIE                 (abs)        0465
_RCIF                 (abs)        0065
_RCREG                (abs)        001A
_RCSTA                (abs)        0018
_RD                   (abs)        0C60
_RX9                  (abs)        00C6
_RX9D                 (abs)        00C0
_SPBRG                (abs)        0099
_SPEN                 (abs)        00C7
_SYNC                 (abs)        04C4
_TRISA                (abs)        0085
_TRISB                (abs)        0086
_TRISC                (abs)        0087
_TRISD                (abs)        0088
_TX9D                 (abs)        04C0
_TXEN                 (abs)        04C5
_TXIE                 (abs)        0464
_TXREG                (abs)        0019
_TXSTA                (abs)        0098
_WR                   (abs)        0C61
_WREN                 (abs)        0C62
__Habs1               abs1         0000
__Hbank0              bank0        0000
__Hbank1              bank1        0000
__Hbank2              bank2        0000
__Hbank3              bank3        0000
__HbssBANK0           bssBANK0     0000
__HbssCOMMON          bssCOMMON    0000
__Hcinit              cinit        0000
__Hclrtext            clrtext      0000
__Hcode               code         0000
__Hcommon             common       0000
__Hconfig             config       2008
__HcstackBANK0        cstackBANK0  0000
__HcstackBANK1        cstackBANK1  0000
__HcstackCOMMON       cstackCOMMON 0000
__HdataBANK0          dataBANK0    0000
__Heeprom_data        eeprom_data  0000
__Hend_init           end_init     0015
__Hfunctab            functab      0000
__HidataBANK0         idataBANK0   0000
__Hidloc              idloc        0000
__Hinit               init         0012
__Hinittext           inittext     0000
__Hintentry           intentry     0012
__Hmaintext           maintext     0000
__HnvBANK0            nvBANK0      0000
__Hpowerup            powerup      0000
__Hram                ram          0000
__Hreset_vec          reset_vec    0003
__Hsfr0               sfr0         0000
__Hsfr1               sfr1         0000
__Hsfr2               sfr2         0000
__Hsfr3               sfr3         0000
__Hstrings            strings      0000
__Htext               text         0000
__Labs1               abs1         0000
__Lbank0              bank0        0000
__Lbank1              bank1        0000
__Lbank2              bank2        0000
__Lbank3              bank3        0000
__LbssBANK0           bssBANK0     0000
__LbssCOMMON          bssCOMMON    0000
__Lcinit              cinit        0000
__Lclrtext            clrtext      0000
__Lcode               code         0000
__Lcommon             common       0000
__Lconfig             config       2007
__LcstackBANK0        cstackBANK0  0000
__LcstackBANK1        cstackBANK1  0000
__LcstackCOMMON       cstackCOMMON 0000
__LdataBANK0          dataBANK0    0000
__Leeprom_data        eeprom_data  0000
__Lend_init           end_init     0012
__Lfunctab            functab      0000
__LidataBANK0         idataBANK0   0000
__Lidloc              idloc        0000
__Linit               init         0012
__Linittext           inittext     0000
__Lintentry           intentry     0004
__Lmaintext           maintext     0000
__LnvBANK0            nvBANK0      0000
__Lpowerup            powerup      0000
__Lram                ram          0000
__Lreset_vec          reset_vec    0000
__Lsfr0               sfr0         0000
__Lsfr1               sfr1         0000
__Lsfr2               sfr2         0000
__Lsfr3               sfr3         0000
__Lstrings            strings      0000
__Ltext               text         0000
__S0                  (abs)        2008
__S1                  (abs)        00A3
__S2                  (abs)        0000
___aldiv              text356      038F
___aldiv@counter      cstackBANK0  005B
___aldiv@dividend     cstackCOMMON 0074
___aldiv@divisor      cstackCOMMON 0070
___aldiv@quotient     cstackBANK0  005D
___aldiv@sign         cstackBANK0  005C
___awdiv              text357      0437
___awdiv@counter      cstackCOMMON 0075
___awdiv@dividend     cstackCOMMON 0072
___awdiv@divisor      cstackCOMMON 0070
___awdiv@quotient     cstackCOMMON 0077
___awdiv@sign         cstackCOMMON 0076
___lmul               text358      04AB
___lmul@multiplicand  cstackCOMMON 0074
___lmul@multiplier    cstackCOMMON 0070
___lmul@product       cstackCOMMON 0079
___wmul               text359      04F5
___wmul@multiplicand  cstackCOMMON 0072
___wmul@multiplier    cstackCOMMON 0070
___wmul@product       cstackCOMMON 0074
__end_of_DELAY        text353      053B
__end_of_DELAY1       text360      0570
__end_of_ENABLE       text352      05B7
__end_of_ENABLE1      text351      05A9
__end_of___aldiv      text356      0437
__end_of___awdiv      text357      04AB
__end_of___lmul       text358      04F5
__end_of___wmul       text359      051F
__end_of_div          text355      02A1
__end_of_main         maintext     0177
__end_of_usart_seve   text354      038F
__pbssBANK0           bssBANK0     0020
__pbssCOMMON          bssCOMMON    007D
__pcstackBANK0        cstackBANK0  005B
__pcstackBANK1        cstackBANK1  00A0
__pcstackCOMMON       cstackCOMMON 0070
__pdataBANK0          dataBANK0    0043
__pidataBANK0         idataBANK0   0570
__pintentry           intentry     0004
__pmaintext           maintext     0015
__pnvBANK0            nvBANK0      0069
__ptext351            text351      059B
__ptext352            text352      05A9
__ptext353            text353      051F
__ptext354            text354      02A1
__ptext355            text355      0177
__ptext356            text356      038F
__ptext357            text357      0437
__ptext358            text358      04AB
__ptext359            text359      04F5
__ptext360            text360      0556
__ptext361            text361      0000
__size_of_DELAY       (abs)        0000
__size_of_DELAY1      (abs)        0000
__size_of_ENABLE      (abs)        0000
__size_of_ENABLE1     (abs)        0000
__size_of___aldiv     (abs)        0000
__size_of___awdiv     (abs)        0000
__size_of___lmul      (abs)        0000
__size_of___wmul      (abs)        0000
__size_of_div         (abs)        0000
__size_of_main        (abs)        0000
__size_of_usart_seve  (abs)        0000
_a                    bssBANK0     003E
_a2                   bssBANK0     002C
_a3                   bssBANK0     002E
_a4                   bssBANK0     0030
_a5                   bssBANK0     0032
_a6                   bssBANK0     0034
_adh                  bssBANK0     003F
_adl                  bssBANK0     0040
_b1                   bssBANK0     0036
_b2                   bssBANK0     0038
_b3                   bssBANK0     003A
_b4                   bssBANK0     003C
_buf                  bssBANK0     0020
_buf1                 bssBANK0     0024
_dc                   bssBANK0     0028
_div                  text355      0177
_exit                 init         0012
_main                 maintext     0015
_nRBPU                (abs)        040F
_rcreg                bssBANK0     0041
_table                dataBANK0    0043
_table1               dataBANK0    0053
_temp                 bssBANK0     0042
_usart_seve           text354      02A1
_x                    bssCOMMON    007D
_y                    nvBANK0      0069
btemp                 (abs)        007E
clear_ram             clrtext      05B7
end_of_initialization cinit        0552
init_fetch            inittext     0588
init_ram              inittext     058C
interrupt_function    intentry     0004
intlevel0             functab      0000
intlevel1             functab      0000
intlevel2             functab      0000
intlevel3             functab      0000
intlevel4             functab      0000
intlevel5             functab      0000
reset_vec             reset_vec    0000
saved_w               (abs)        007E
start                 init         0012
start_initialization  cinit        053B
wtemp0                (abs)        007E
