HI-TECH Software C Compiler 

Linker command line:

--edf=C:\Program Files (x86)\HI-TECH Software\PICC\9.82\dat\en_msgs.txt -cs \
  -h+TX.sym -z -Q16F877A -ol.obj -MTX.map -E1 -ACONST=00h-0FFhx32 \
  -ACODE=00h-07FFhx4 -ASTRCODE=00h-01FFFh -AENTRY=00h-0FFhx32 \
  -ASTRING=00h-0FFhx32 -ABANK0=020h-06Fh -ABANK1=0A0h-0EFh \
  -ABANK2=0110h-016Fh -ABANK3=0190h-01EFh \
  -ARAM=020h-06Fh,0A0h-0EFh,0110h-016Fh,0190h-01EFh \
  -AABS1=020h-07Fh,0A0h-0EFh,0110h-016Fh,0190h-01EFh -ACOMMON=070h-07Fh \
  -ASFR0=00h-01Fh -ASFR1=080h-09Fh -ASFR2=0100h-010Fh -ASFR3=0180h-018Fh \
  -preset_vec=00h,intentry=04h,init,end_init -ppowerup=CODE -pfunctab=CODE \
  -ACONFIG=02007h-02007h -pconfig=CONFIG -DCONFIG=2 -AIDLOC=02000h-02003h \
  -pidloc=IDLOC -DIDLOC=2 -AEEDATA=00h-0FFh/02100h -peeprom_data=EEDATA \
  -DEEDATA=2 -DCODE=2 -DSTRCODE=2 -DSTRING=2 -DCONST=2 -DENTRY=2 -k \
  startup.obj TX.obj 

Object code version is 3.10

Machine type is 16F877A



                Name                               Link     Load   Length Selector   Space Scale
startup.obj     end_init                             12       12        3        8       0
                reset_vec                             0        0        3        0       0
TX.obj          intentry                              4        4        E        8       0
                config                             2007     2007        1     400E       0
                text115                             178      178       1A        8       0
                text114                              15       15      115        8       0
                maintext                            12A      12A       4E        8       0
                cstackBANK0                          28       28        1       20       1
                cstackCOMMON                         70       70        7       70       1
                inittext                            1A8      1A8       13        8       0
                dataBANK0                            20       20        8       20       1
                bssCOMMON                            77       77        4       70       1
                cinit                               192      192       16        8       0
                nvCOMMON                             7B       7B        1       70       1
                idataBANK0                          1BB      1BB        8        8       0

TOTAL           Name                               Link     Load   Length     Space
        CLASS   CONST          

        CLASS   CODE           
                end_init                             12       12        3         0
                intentry                              4        4        E         0
                reset_vec                             0        0        3         0
                text115                             178      178       1A         0
                text114                              15       15      115         0
                maintext                            12A      12A       4E         0
                inittext                            1A8      1A8       13         0
                cinit                               192      192       16         0
                idataBANK0                          1BB      1BB        8         0

        CLASS   STRCODE        

        CLASS   ENTRY          

        CLASS   STRING         

        CLASS   BANK0          
                cstackBANK0                          28       28        1         1
                dataBANK0                            20       20        8         1

        CLASS   BANK1          

        CLASS   BANK2          

        CLASS   BANK3          

        CLASS   RAM            

        CLASS   ABS1           
                abs_s1                               7E       7E        2         1

        CLASS   COMMON         
                cstackCOMMON                         70       70        7         1
                bssCOMMON                            77       77        4         1
                nvCOMMON                             7B       7B        1         1

        CLASS   SFR0           

        CLASS   SFR1           

        CLASS   SFR2           

        CLASS   SFR3           

        CLASS   CONFIG         
                config                             2007     2007        1         0

        CLASS   IDLOC          

        CLASS   EEDATA         



SEGMENTS        Name                           Load    Length   Top    Selector   Space  Class     Delta

                reset_vec                      000000  000003  000003         0       0  CODE        2
                intentry                       000004  0001BF  0001C3         8       0  CODE        2
                dataBANK0                      000020  000009  000029        20       1  BANK0       1
                cstackCOMMON                   000070  00000C  00007C        70       1  COMMON      1
                config                         002007  000001  002008      400E       0  CONFIG      2


UNUSED ADDRESS RANGES

        Name                Unused          Largest block    Delta
        BANK0            0029-006F             47           1
        BANK1            00A0-00EF             50           1
        BANK2            0110-016F             60           1
        BANK3            0190-01EF             60           1
        CODE             0003-0003              1           2
                         01C3-1FFF            800
        COMMON           007C-007D              2           1
        CONST            0003-0003              1           2
                         01C3-1FFF            100
        EEDATA           2100-21FF            100           2
        ENTRY            0003-0003              1           2
                         01C3-1FFF            100
        IDLOC            2000-2003              4           2
        RAM              0029-006F             47           1
                         00A0-00EF             50
                         0110-016F             60
                         0190-01EF             60
        SFR0             0000-001F             20           1
        SFR1             0080-009F             20           1
        SFR2             0100-010F             10           1
        SFR3             0180-018F             10           1
        STRCODE          0003-0003              1           2
                         01C3-1FFF           1E3D
        STRING           0003-0003              1           2
                         01C3-1FFF            100

                                  Symbol Table

??_DELAY1             cstackCOMMON 0070
??_main               cstackBANK0  0028
??_usart_seve         cstackCOMMON 0072
?_DELAY1              cstackCOMMON 0070
?_main                cstackCOMMON 0070
?_usart_seve          cstackCOMMON 0070
DELAY1@i              cstackCOMMON 0070
_ADCON0               (abs)        001F
_ADCON1               (abs)        009F
_ADIF                 (abs)        0066
_ADRESH               (abs)        001E
_ADRESL               (abs)        009E
_CARRY                (abs)        0018
_CREN                 (abs)        00C4
_DELAY1               text115      0178
_EEADR                (abs)        010D
_EECON1               (abs)        018C
_EECON2               (abs)        018D
_EEDATA               (abs)        010C
_GIE                  (abs)        005F
_GO_nDONE             (abs)        00FA
_PEIE                 (abs)        005E
_PORTB                (abs)        0006
_PORTD                (abs)        0008
_PR2                  (abs)        0092
_RBIE                 (abs)        005B
_RBIF                 (abs)        0058
_RCIE                 (abs)        0465
_RCIF                 (abs)        0065
_RCREG                (abs)        001A
_RCSTA                (abs)        0018
_RD                   (abs)        0C60
_SPBRG                (abs)        0099
_SPEN                 (abs)        00C7
_SYNC                 (abs)        04C4
_T2CON                (abs)        0012
_TMR2IE               (abs)        0461
_TMR2IF               (abs)        0061
_TRISA                (abs)        0085
_TRISB                (abs)        0086
_TRISC                (abs)        0087
_TRISD                (abs)        0088
_TRMT                 (abs)        04C1
_TX9                  (abs)        04C6
_TX9D                 (abs)        04C0
_TXEN                 (abs)        04C5
_TXIE                 (abs)        0464
_TXREG                (abs)        0019
_TXSTA                (abs)        0098
_WR                   (abs)        0C61
_WREN                 (abs)        0C62
__Habs1               abs1         0000
__Hbank0              bank0        0000
__Hbank1              bank1        0000
__Hbank2              bank2        0000
__Hbank3              bank3        0000
__HbssCOMMON          bssCOMMON    0000
__Hcinit              cinit        0000
__Hclrtext            clrtext      0000
__Hcode               code         0000
__Hcommon             common       0000
__Hconfig             config       2008
__HcstackBANK0        cstackBANK0  0000
__HcstackCOMMON       cstackCOMMON 0000
__HdataBANK0          dataBANK0    0000
__Heeprom_data        eeprom_data  0000
__Hend_init           end_init     0015
__Hfunctab            functab      0000
__HidataBANK0         idataBANK0   0000
__Hidloc              idloc        0000
__Hinit               init         0012
__Hinittext           inittext     0000
__Hintentry           intentry     0012
__Hmaintext           maintext     0000
__HnvCOMMON           nvCOMMON     0000
__Hpowerup            powerup      0000
__Hram                ram          0000
__Hreset_vec          reset_vec    0003
__Hsfr0               sfr0         0000
__Hsfr1               sfr1         0000
__Hsfr2               sfr2         0000
__Hsfr3               sfr3         0000
__Hstrings            strings      0000
__Htext               text         0000
__Labs1               abs1         0000
__Lbank0              bank0        0000
__Lbank1              bank1        0000
__Lbank2              bank2        0000
__Lbank3              bank3        0000
__LbssCOMMON          bssCOMMON    0000
__Lcinit              cinit        0000
__Lclrtext            clrtext      0000
__Lcode               code         0000
__Lcommon             common       0000
__Lconfig             config       2007
__LcstackBANK0        cstackBANK0  0000
__LcstackCOMMON       cstackCOMMON 0000
__LdataBANK0          dataBANK0    0000
__Leeprom_data        eeprom_data  0000
__Lend_init           end_init     0012
__Lfunctab            functab      0000
__LidataBANK0         idataBANK0   0000
__Lidloc              idloc        0000
__Linit               init         0012
__Linittext           inittext     0000
__Lintentry           intentry     0004
__Lmaintext           maintext     0000
__LnvCOMMON           nvCOMMON     0000
__Lpowerup            powerup      0000
__Lram                ram          0000
__Lreset_vec          reset_vec    0000
__Lsfr0               sfr0         0000
__Lsfr1               sfr1         0000
__Lsfr2               sfr2         0000
__Lsfr3               sfr3         0000
__Lstrings            strings      0000
__Ltext               text         0000
__S0                  (abs)        2008
__S1                  (abs)        007C
__S2                  (abs)        0000
__end_of_DELAY1       text115      0192
__end_of_main         maintext     0178
__end_of_usart_seve   text114      012A
__pbssCOMMON          bssCOMMON    0077
__pcstackBANK0        cstackBANK0  0028
__pcstackCOMMON       cstackCOMMON 0070
__pdataBANK0          dataBANK0    0020
__pidataBANK0         idataBANK0   01BB
__pintentry           intentry     0004
__pmaintext           maintext     012A
__pnvCOMMON           nvCOMMON     007B
__ptext114            text114      0015
__ptext115            text115      0178
__ptext116            text116      0000
__size_of_DELAY1      (abs)        0000
__size_of_main        (abs)        0000
__size_of_usart_seve  (abs)        0000
_a                    bssCOMMON    0077
_adh                  bssCOMMON    0078
_adl                  bssCOMMON    0079
_exit                 init         0012
_main                 maintext     012A
_nRBPU                (abs)        040F
_table1               dataBANK0    0020
_usart_seve           text114      0015
_x                    bssCOMMON    007A
_y                    nvCOMMON     007B
btemp                 (abs)        007E
end_of_initialization cinit        01A4
init_fetch            inittext     01A8
init_ram              inittext     01AC
interrupt_function    intentry     0004
intlevel0             functab      0000
intlevel1             functab      0000
intlevel2             functab      0000
intlevel3             functab      0000
intlevel4             functab      0000
intlevel5             functab      0000
reset_vec             reset_vec    0000
saved_w               (abs)        007E
start                 init         0012
start_initialization  cinit        0192
wtemp0                (abs)        007E
